Hello world!

--- Completing Configuration ---
Starting run for Dataset: LASA | Shape: N
Loading VAE from: ./models/vae/lasa/VAE_N-Shape.pt

📝 Log file generated! Saving all output to: ./node/training/training_logs/NODE_lasa_N-Shape_RiemannianMSE_EGI_energy_imitation_Log_20261008_090529.txt


--- Initializing Models ---
Length Trajectory: 1000
Length Trajectories: 14
Trajectories euclidian dimension: 7
Trajectory 0: [-0.63213486 -0.97281225  0.          0.82227129 -0.38249241 -0.42138994
  0.        ]
Trajectory: [-0.63213486 -0.97281225  0.         -0.82227129  0.38249241  0.42138994
 -0.        ]
Trajectory: [-0.76838121 -0.97281225  0.          0.80855735 -0.41283614 -0.4192867
  0.        ]
Trajectory: [-0.76838121 -0.97281225  0.         -0.80855735  0.41283614  0.4192867
 -0.        ]
Trajectory: [-0.78200584 -0.91831371  0.          0.81282584 -0.41671148 -0.40702052
  0.        ]
Trajectory: [-0.78200584 -0.91831371  0.         -0.81282584  0.41671148  0.40702052
 -0.        ]
Trajectory 6: [-0.90462756 -0.97281225  0.          0.79380555 -0.44268219 -0.41701946
  0.        ]
Trajectory 7: [-0.90462756 -0.97281225  0.         -0.79380555  0.44268219  0.41701946
 -0.        ]
Trajectory: [-0.74113194 -0.94556298  0.          0.81425758 -0.4072334  -0.41369742
  0.        ]
Trajectory: [-0.74113194 -0.94556298  0.         -0.81425758  0.4072334   0.41369742
 -0.        ]
Trajectory: [-0.85012902 -0.91831371  0.          0.80551171 -0.43170576 -0.40593228
  0.        ]
Total # of Trajectories: 14
RBF beta = 0.1270 (from checkpoint)
✅ Successfully loaded VAE from ./models/vae/lasa/VAE_N-Shape.pt
VAE Model initialized with DOF=7
NODE Model initialized with latent_dim=2 and hidden_dim=256

--- Preparing Datasets ---
Dataset already exists at ./node/data/N-Shape_processed. Skipping preprocessing.
✅ Dataset Loaded from ./node/data/N-Shape_processed | Train: 540 | Val: 60 | Test: 100
✅ Successfully loaded dataset baselines from JSON.
⚙️  Using Safe Baseline: 0.00 (Auto-Calculated)
⚙️  Using Energy Scale:  2.45e-02 (Auto-Calculated)

🚀 Launching NODE Training...

============================================================================================================================================
Starting Training: NODE_lasa_N-Shape_RiemannianMSE_EGI_energy_imitation on CUDA
Epochs: 2000 | Initial LR: 0.0001 | LR Drop at: 1660
============================================================================================================================================

Epoch 1 |
| Train | Tot: 0.57766 | Imit: 0.57766 | Ener: 0.00000 | Goal: 0.72786 |
| Valid | Tot: 0.63962 | Imit: 0.63962 | Ener: 0.00126 | Goal: 0.71649 |
⚠️ Riem. Gap: 0.06196
⚠️ Euclid Gap: 8.64833
🚩 DASHBOARD: Weights (Imit: 1.0000e+00, Goal: 0.0000e+00, Ener: 0.00e+00) | Density: 0.00 (0.00x base)
--------------------------------------------------------------------------------------------------------------------------------------------
Epoch 50 |
| Train | Tot: 0.05802 | Imit: 0.05802 | Ener: 0.00000 | Goal: 0.14224 |
| Valid | Tot: 0.06497 | Imit: 0.06497 | Ener: 0.21799 | Goal: 0.18864 |
✅ Riem. Gap: 0.00694
⚠️ Euclid Gap: 1.13025
🚩 DASHBOARD: Weights (Imit: 1.0000e+00, Goal: 0.0000e+00, Ener: 0.00e+00) | Density: 0.00 (0.00x base)
--------------------------------------------------------------------------------------------------------------------------------------------
Epoch 100 |
| Train | Tot: 0.04503 | Imit: 0.04503 | Ener: 0.00000 | Goal: 0.12628 |
| Valid | Tot: 0.05138 | Imit: 0.05138 | Ener: 0.27556 | Goal: 0.16085 |
✅ Riem. Gap: 0.00635
⚠️ Euclid Gap: 1.03106
🚩 DASHBOARD: Weights (Imit: 1.0000e+00, Goal: 0.0000e+00, Ener: 0.00e+00) | Density: 0.00 (0.00x base)
--------------------------------------------------------------------------------------------------------------------------------------------
Epoch 150 |
| Train | Tot: 0.04102 | Imit: 0.04102 | Ener: 0.00000 | Goal: 0.12465 |
| Valid | Tot: 0.04929 | Imit: 0.04929 | Ener: 0.29300 | Goal: 0.18819 |
✅ Riem. Gap: 0.00827
⚠️ Euclid Gap: 0.83087
🚩 DASHBOARD: Weights (Imit: 1.0000e+00, Goal: 0.0000e+00, Ener: 0.00e+00) | Density: 0.00 (0.00x base)
--------------------------------------------------------------------------------------------------------------------------------------------
Epoch 200 |
| Train | Tot: 0.03824 | Imit: 0.03824 | Ener: 0.00000 | Goal: 0.11191 |
| Valid | Tot: 0.04452 | Imit: 0.04452 | Ener: 0.30359 | Goal: 0.15850 |
✅ Riem. Gap: 0.00628
⚠️ Euclid Gap: 0.77074
🚩 DASHBOARD: Weights (Imit: 1.0000e+00, Goal: 0.0000e+00, Ener: 0.00e+00) | Density: 0.00 (0.00x base)
--------------------------------------------------------------------------------------------------------------------------------------------
Epoch 250 |
| Train | Tot: 0.03684 | Imit: 0.03684 | Ener: 0.00000 | Goal: 0.10958 |
| Valid | Tot: 0.04286 | Imit: 0.04286 | Ener: 0.30898 | Goal: 0.11021 |
✅ Riem. Gap: 0.00602
⚠️ Euclid Gap: 1.10492
🚩 DASHBOARD: Weights (Imit: 1.0000e+00, Goal: 0.0000e+00, Ener: 0.00e+00) | Density: 0.00 (0.00x base)
--------------------------------------------------------------------------------------------------------------------------------------------
Epoch 300 |
| Train | Tot: 0.03599 | Imit: 0.03599 | Ener: 0.00000 | Goal: 0.10585 |
| Valid | Tot: 0.04180 | Imit: 0.04180 | Ener: 0.30879 | Goal: 0.12505 |
✅ Riem. Gap: 0.00581
⚠️ Euclid Gap: 0.96266
🚩 DASHBOARD: Weights (Imit: 1.0000e+00, Goal: 0.0000e+00, Ener: 0.00e+00) | Density: 0.00 (0.00x base)
--------------------------------------------------------------------------------------------------------------------------------------------
Epoch 350 |
| Train | Tot: 0.03500 | Imit: 0.03500 | Ener: 0.00000 | Goal: 0.09873 |
| Valid | Tot: 0.04114 | Imit: 0.04114 | Ener: 0.31362 | Goal: 0.11487 |
✅ Riem. Gap: 0.00614
⚠️ Euclid Gap: 1.13550
🚩 DASHBOARD: Weights (Imit: 1.0000e+00, Goal: 0.0000e+00, Ener: 0.00e+00) | Density: 0.00 (0.00x base)
--------------------------------------------------------------------------------------------------------------------------------------------
Epoch 400 |
| Train | Tot: 0.03521 | Imit: 0.03521 | Ener: 0.00000 | Goal: 0.10593 |
| Valid | Tot: 0.04286 | Imit: 0.04286 | Ener: 0.31444 | Goal: 0.15576 |
✅ Riem. Gap: 0.00765
⚠️ Euclid Gap: 0.85306
🚩 DASHBOARD: Weights (Imit: 1.0000e+00, Goal: 0.0000e+00, Ener: 0.00e+00) | Density: 0.00 (0.00x base)
--------------------------------------------------------------------------------------------------------------------------------------------
Epoch 450 |
| Train | Tot: 0.03418 | Imit: 0.03418 | Ener: 0.00000 | Goal: 0.10009 |
| Valid | Tot: 0.03993 | Imit: 0.03993 | Ener: 0.31829 | Goal: 0.10092 |
✅ Riem. Gap: 0.00575
⚠️ Euclid Gap: 1.16676
🚩 DASHBOARD: Weights (Imit: 1.0000e+00, Goal: 0.0000e+00, Ener: 0.00e+00) | Density: 0.00 (0.00x base)
--------------------------------------------------------------------------------------------------------------------------------------------
Epoch 500 |
| Train | Tot: 0.03334 | Imit: 0.03334 | Ener: 0.00000 | Goal: 0.09554 |
| Valid | Tot: 0.03921 | Imit: 0.03921 | Ener: 0.31876 | Goal: 0.11266 |
✅ Riem. Gap: 0.00588
⚠️ Euclid Gap: 0.98050
🚩 DASHBOARD: Weights (Imit: 1.0000e+00, Goal: 0.0000e+00, Ener: 0.00e+00) | Density: 0.00 (0.00x base)
--------------------------------------------------------------------------------------------------------------------------------------------
Epoch 550 |
| Train | Tot: 0.08351 | Imit: 0.06198 | Ener: 0.31357 | Goal: 0.00342 |
| Valid | Tot: 0.09359 | Imit: 0.08332 | Ener: 0.37929 | Goal: 0.00144 |
🟡 Riem. Gap: 0.02134
⚠️ Euclid Gap: 3.64083
🚩 DASHBOARD: Weights (Imit: 1.0000e+00, Goal: 5.8510e+00, Ener: 4.90e-03) | Density: 0.01 (1.73x base)
--------------------------------------------------------------------------------------------------------------------------------------------
Epoch 600 |
| Train | Tot: 0.08453 | Imit: 0.06407 | Ener: 0.31907 | Goal: 0.00160 |
| Valid | Tot: 0.08770 | Imit: 0.07454 | Ener: 0.38784 | Goal: 0.00086 |
🟡 Riem. Gap: 0.01047
⚠️ Euclid Gap: 1.72841
🚩 DASHBOARD: Weights (Imit: 1.0000e+00, Goal: 1.0801e+01, Ener: 9.90e-03) | Density: 0.01 (1.67x base)
--------------------------------------------------------------------------------------------------------------------------------------------
Epoch 650 |
| Train | Tot: 0.08496 | Imit: 0.06407 | Ener: 0.31799 | Goal: 0.00103 |
| Valid | Tot: 0.21584 | Imit: 0.05215 | Ener: 0.39058 | Goal: 0.01002 |
🟡 Riem. Gap: 0.01192
⚠️ Euclid Gap: 1.35580
🚩 DASHBOARD: Weights (Imit: 1.0000e+00, Goal: 1.5751e+01, Ener: 1.49e-02) | Density: 0.01 (1.60x base)
--------------------------------------------------------------------------------------------------------------------------------------------
Epoch 700 |
| Train | Tot: 0.08486 | Imit: 0.06296 | Ener: 0.31316 | Goal: 0.00076 |
| Valid | Tot: 0.08402 | Imit: 0.06888 | Ener: 0.38275 | Goal: 0.00036 |
✅ Riem. Gap: 0.00592
⚠️ Euclid Gap: 1.43313
🚩 DASHBOARD: Weights (Imit: 1.0000e+00, Goal: 2.0701e+01, Ener: 1.99e-02) | Density: 0.01 (1.63x base)
--------------------------------------------------------------------------------------------------------------------------------------------
Epoch 750 |
| Train | Tot: 0.09068 | Imit: 0.06561 | Ener: 0.30919 | Goal: 0.00068 |
| Valid | Tot: 0.08157 | Imit: 0.06223 | Ener: 0.38384 | Goal: 0.00038 |
✅ Riem. Gap: 0.00338
🟡 Euclid Gap: 0.19565
🚩 DASHBOARD: Weights (Imit: 1.0000e+00, Goal: 2.5651e+01, Ener: 2.49e-02) | Density: 0.01 (1.71x base)
--------------------------------------------------------------------------------------------------------------------------------------------
Epoch 800 |
| Train | Tot: 0.11358 | Imit: 0.06178 | Ener: 0.31441 | Goal: 0.00139 |
| Valid | Tot: 0.08157 | Imit: 0.06243 | Ener: 0.38803 | Goal: 0.00025 |
✅ Riem. Gap: 0.00065
⚠️ Euclid Gap: 0.65347
🚩 DASHBOARD: Weights (Imit: 1.0000e+00, Goal: 3.0601e+01, Ener: 2.99e-02) | Density: 0.01 (1.72x base)
--------------------------------------------------------------------------------------------------------------------------------------------
Epoch 850 |
| Train | Tot: 0.10525 | Imit: 0.05848 | Ener: 0.30629 | Goal: 0.00101 |
| Valid | Tot: 0.10520 | Imit: 0.06379 | Ener: 0.38419 | Goal: 0.00079 |
✅ Riem. Gap: 0.00531
⚠️ Euclid Gap: 1.32791
🚩 DASHBOARD: Weights (Imit: 1.0000e+00, Goal: 3.5551e+01, Ener: 3.49e-02) | Density: 0.01 (1.77x base)
--------------------------------------------------------------------------------------------------------------------------------------------
Epoch 900 |
| Train | Tot: 0.09172 | Imit: 0.05617 | Ener: 0.30426 | Goal: 0.00058 |
| Valid | Tot: 0.08256 | Imit: 0.06184 | Ener: 0.37750 | Goal: 0.00014 |
✅ Riem. Gap: 0.00567
⚠️ Euclid Gap: 1.46350
🚩 DASHBOARD: Weights (Imit: 1.0000e+00, Goal: 4.0501e+01, Ener: 3.99e-02) | Density: 0.01 (1.68x base)
--------------------------------------------------------------------------------------------------------------------------------------------
Epoch 950 |
| Train | Tot: 0.09474 | Imit: 0.05718 | Ener: 0.30387 | Goal: 0.00053 |
| Valid | Tot: 0.07942 | Imit: 0.05362 | Ener: 0.37255 | Goal: 0.00020 |
✅ Riem. Gap: 0.00356
🟡 Euclid Gap: 0.20969
🚩 DASHBOARD: Weights (Imit: 1.0000e+00, Goal: 4.5451e+01, Ener: 4.49e-02) | Density: 0.01 (1.60x base)
--------------------------------------------------------------------------------------------------------------------------------------------
Epoch 1000 |
| Train | Tot: 0.08029 | Imit: 0.05482 | Ener: 0.30055 | Goal: 0.00021 |
| Valid | Tot: 0.08410 | Imit: 0.05237 | Ener: 0.36942 | Goal: 0.00026 |
✅ Riem. Gap: 0.00245
🟡 Euclid Gap: 0.11718
🚩 DASHBOARD: Weights (Imit: 1.0000e+00, Goal: 5.0401e+01, Ener: 4.99e-02) | Density: 0.01 (1.63x base)
--------------------------------------------------------------------------------------------------------------------------------------------
Epoch 1050 |
| Train | Tot: 0.10023 | Imit: 0.05602 | Ener: 0.30053 | Goal: 0.00050 |
| Valid | Tot: 0.09781 | Imit: 0.06765 | Ener: 0.36780 | Goal: 0.00018 |
🟡 Riem. Gap: 0.01163
⚠️ Euclid Gap: 1.88848
🚩 DASHBOARD: Weights (Imit: 1.0000e+00, Goal: 5.5351e+01, Ener: 5.49e-02) | Density: 0.01 (1.62x base)
--------------------------------------------------------------------------------------------------------------------------------------------
Epoch 1100 |
| Train | Tot: 0.07983 | Imit: 0.05427 | Ener: 0.29667 | Goal: 0.00013 |
| Valid | Tot: 0.08505 | Imit: 0.05578 | Ener: 0.36646 | Goal: 0.00012 |
✅ Riem. Gap: 0.00151
⚠️ Euclid Gap: 0.94018
🚩 DASHBOARD: Weights (Imit: 1.0000e+00, Goal: 6.0301e+01, Ener: 5.99e-02) | Density: 0.01 (1.70x base)
--------------------------------------------------------------------------------------------------------------------------------------------
Epoch 1150 |
| Train | Tot: 0.07959 | Imit: 0.05500 | Ener: 0.29684 | Goal: 0.00008 |
| Valid | Tot: 0.08677 | Imit: 0.05663 | Ener: 0.36327 | Goal: 0.00010 |
✅ Riem. Gap: 0.00163
⚠️ Euclid Gap: 0.47184
🚩 DASHBOARD: Weights (Imit: 1.0000e+00, Goal: 6.5251e+01, Ener: 6.49e-02) | Density: 0.01 (1.58x base)
--------------------------------------------------------------------------------------------------------------------------------------------
Epoch 1200 |
| Train | Tot: 0.09598 | Imit: 0.05458 | Ener: 0.29568 | Goal: 0.00030 |
| Valid | Tot: 0.09690 | Imit: 0.06998 | Ener: 0.36283 | Goal: 0.00002 |
🟡 Riem. Gap: 0.01539
⚠️ Euclid Gap: 2.56368
🚩 DASHBOARD: Weights (Imit: 1.0000e+00, Goal: 7.0201e+01, Ener: 6.99e-02) | Density: 0.01 (1.65x base)
--------------------------------------------------------------------------------------------------------------------------------------------
Epoch 1250 |
| Train | Tot: 0.08871 | Imit: 0.05200 | Ener: 0.29365 | Goal: 0.00020 |
| Valid | Tot: 0.13159 | Imit: 0.05518 | Ener: 0.36356 | Goal: 0.00065 |
✅ Riem. Gap: 0.00318
⚠️ Euclid Gap: 0.79552
🚩 DASHBOARD: Weights (Imit: 1.0000e+00, Goal: 7.5151e+01, Ener: 7.49e-02) | Density: 0.01 (1.70x base)
--------------------------------------------------------------------------------------------------------------------------------------------
Epoch 1300 |
| Train | Tot: 0.19344 | Imit: 0.05279 | Ener: 0.29218 | Goal: 0.00146 |
| Valid | Tot: 0.08315 | Imit: 0.05022 | Ener: 0.36140 | Goal: 0.00005 |
✅ Riem. Gap: 0.00257
⚠️ Euclid Gap: 0.35801
🚩 DASHBOARD: Weights (Imit: 1.0000e+00, Goal: 8.0101e+01, Ener: 7.99e-02) | Density: 0.01 (1.65x base)
--------------------------------------------------------------------------------------------------------------------------------------------
Epoch 1350 |
| Train | Tot: 0.09591 | Imit: 0.05157 | Ener: 0.29134 | Goal: 0.00023 |
| Valid | Tot: 0.09331 | Imit: 0.05905 | Ener: 0.35820 | Goal: 0.00005 |
✅ Riem. Gap: 0.00748
⚠️ Euclid Gap: 1.49670
🚩 DASHBOARD: Weights (Imit: 1.0000e+00, Goal: 8.5051e+01, Ener: 8.49e-02) | Density: 0.01 (1.59x base)
--------------------------------------------------------------------------------------------------------------------------------------------
Epoch 1400 |
| Train | Tot: 0.09006 | Imit: 0.05056 | Ener: 0.28943 | Goal: 0.00015 |
| Valid | Tot: 0.09819 | Imit: 0.04653 | Ener: 0.35545 | Goal: 0.00022 |
✅ Riem. Gap: 0.00403
✅ Euclid Gap: 0.06413
🚩 DASHBOARD: Weights (Imit: 1.0000e+00, Goal: 9.0001e+01, Ener: 8.99e-02) | Density: 0.01 (1.59x base)
--------------------------------------------------------------------------------------------------------------------------------------------
Epoch 1450 |
| Train | Tot: 0.08485 | Imit: 0.04996 | Ener: 0.28886 | Goal: 0.00008 |
| Valid | Tot: 0.12028 | Imit: 0.04785 | Ener: 0.35430 | Goal: 0.00041 |
✅ Riem. Gap: 0.00210
🟡 Euclid Gap: 0.26600
🚩 DASHBOARD: Weights (Imit: 1.0000e+00, Goal: 9.4951e+01, Ener: 9.49e-02) | Density: 0.01 (1.61x base)
--------------------------------------------------------------------------------------------------------------------------------------------
Epoch 1500 |
| Train | Tot: 0.09600 | Imit: 0.05200 | Ener: 0.28607 | Goal: 0.00015 |
| Valid | Tot: 0.13884 | Imit: 0.05370 | Ener: 0.35148 | Goal: 0.00050 |
✅ Riem. Gap: 0.00170
⚠️ Euclid Gap: 0.91758
🚩 DASHBOARD: Weights (Imit: 1.0000e+00, Goal: 9.9901e+01, Ener: 9.99e-02) | Density: 0.01 (1.68x base)
--------------------------------------------------------------------------------------------------------------------------------------------
Epoch 1550 |
| Train | Tot: 0.17722 | Imit: 0.04973 | Ener: 0.28439 | Goal: 0.00099 |
| Valid | Tot: 1.12998 | Imit: 0.04694 | Ener: 0.34692 | Goal: 0.01048 |
✅ Riem. Gap: 0.00279
✅ Euclid Gap: 0.05548
🚩 DASHBOARD: Weights (Imit: 1.0000e+00, Goal: 1.0000e+02, Ener: 1.00e-01) | Density: 0.01 (1.59x base)
--------------------------------------------------------------------------------------------------------------------------------------------
Epoch 1600 |
| Train | Tot: 0.27205 | Imit: 0.05165 | Ener: 0.28443 | Goal: 0.00192 |
| Valid | Tot: 0.11527 | Imit: 0.04488 | Ener: 0.35020 | Goal: 0.00035 |
✅ Riem. Gap: 0.00677
⚠️ Euclid Gap: 0.34544
🚩 DASHBOARD: Weights (Imit: 1.0000e+00, Goal: 1.0000e+02, Ener: 1.00e-01) | Density: 0.01 (1.61x base)
--------------------------------------------------------------------------------------------------------------------------------------------
Epoch 1650 |
| Train | Tot: 0.08574 | Imit: 0.04988 | Ener: 0.28557 | Goal: 0.00007 |
| Valid | Tot: 0.12051 | Imit: 0.04936 | Ener: 0.34976 | Goal: 0.00036 |
✅ Riem. Gap: 0.00052
🟡 Euclid Gap: 0.26499
🚩 DASHBOARD: Weights (Imit: 1.0000e+00, Goal: 1.0000e+02, Ener: 1.00e-01) | Density: 0.01 (1.56x base)
--------------------------------------------------------------------------------------------------------------------------------------------
📉 Epoch 1660: Learning Rate dropped to 1e-05
Epoch 1700 |
| Train | Tot: 0.07771 | Imit: 0.04622 | Ener: 0.28496 | Goal: 0.00003 |
| Valid | Tot: 0.09152 | Imit: 0.04829 | Ener: 0.35037 | Goal: 0.00008 |
✅ Riem. Gap: 0.00208
⚠️ Euclid Gap: 0.84379
🚩 DASHBOARD: Weights (Imit: 1.0000e+00, Goal: 1.0000e+02, Ener: 1.00e-01) | Density: 0.01 (1.63x base)
--------------------------------------------------------------------------------------------------------------------------------------------
Epoch 1750 |
| Train | Tot: 0.07690 | Imit: 0.04582 | Ener: 0.28453 | Goal: 0.00003 |
| Valid | Tot: 0.09690 | Imit: 0.04540 | Ener: 0.34977 | Goal: 0.00017 |
✅ Riem. Gap: 0.00043
⚠️ Euclid Gap: 0.44122
🚩 DASHBOARD: Weights (Imit: 1.0000e+00, Goal: 1.0000e+02, Ener: 1.00e-01) | Density: 0.01 (1.60x base)
--------------------------------------------------------------------------------------------------------------------------------------------
Epoch 1800 |
| Train | Tot: 0.07746 | Imit: 0.04631 | Ener: 0.28425 | Goal: 0.00003 |
| Valid | Tot: 0.10890 | Imit: 0.04500 | Ener: 0.34996 | Goal: 0.00029 |
✅ Riem. Gap: 0.00130
⚠️ Euclid Gap: 0.31438
🚩 DASHBOARD: Weights (Imit: 1.0000e+00, Goal: 1.0000e+02, Ener: 1.00e-01) | Density: 0.01 (1.60x base)
--------------------------------------------------------------------------------------------------------------------------------------------
Epoch 1850 |
| Train | Tot: 0.07643 | Imit: 0.04582 | Ener: 0.28493 | Goal: 0.00002 |
| Valid | Tot: 0.10069 | Imit: 0.04495 | Ener: 0.34969 | Goal: 0.00021 |
✅ Riem. Gap: 0.00087
⚠️ Euclid Gap: 0.36364
🚩 DASHBOARD: Weights (Imit: 1.0000e+00, Goal: 1.0000e+02, Ener: 1.00e-01) | Density: 0.01 (1.60x base)
--------------------------------------------------------------------------------------------------------------------------------------------
Epoch 1900 |
| Train | Tot: 0.07692 | Imit: 0.04532 | Ener: 0.28511 | Goal: 0.00003 |
| Valid | Tot: 0.09551 | Imit: 0.04570 | Ener: 0.35003 | Goal: 0.00015 |
✅ Riem. Gap: 0.00038
⚠️ Euclid Gap: 0.54944
🚩 DASHBOARD: Weights (Imit: 1.0000e+00, Goal: 1.0000e+02, Ener: 1.00e-01) | Density: 0.01 (1.60x base)
--------------------------------------------------------------------------------------------------------------------------------------------
Epoch 1950 |
| Train | Tot: 0.07619 | Imit: 0.04511 | Ener: 0.28439 | Goal: 0.00003 |
| Valid | Tot: 0.09483 | Imit: 0.04774 | Ener: 0.34939 | Goal: 0.00012 |
✅ Riem. Gap: 0.00263
⚠️ Euclid Gap: 0.86377
🚩 DASHBOARD: Weights (Imit: 1.0000e+00, Goal: 1.0000e+02, Ener: 1.00e-01) | Density: 0.01 (1.60x base)
--------------------------------------------------------------------------------------------------------------------------------------------
Epoch 2000 |
| Train | Tot: 0.07591 | Imit: 0.04529 | Ener: 0.28440 | Goal: 0.00002 |
| Valid | Tot: 0.09269 | Imit: 0.04655 | Ener: 0.34944 | Goal: 0.00011 |
✅ Riem. Gap: 0.00125
⚠️ Euclid Gap: 0.69200
🚩 DASHBOARD: Weights (Imit: 1.0000e+00, Goal: 1.0000e+02, Ener: 1.00e-01) | Density: 0.01 (1.61x base)
--------------------------------------------------------------------------------------------------------------------------------------------
Training Complete in 47.64 minutes.
✅ Model saved dynamically to ./models/node/lasa/NODE_lasa_N-Shape_RiemannianMSE_EGI_energy_imitation.pth
📊 Training plot saved as SVG to: ./node/training/training_curves/NODE_lasa_N-Shape_RiemannianMSE_EGI_energy_imitation_Training-Curves.svg
Bye bye!
