Hello world!

--- Completing Configuration ---
Starting run for Dataset: LASA | Shape: Leaf_1
Loading VAE from: ./models/vae/lasa/VAE_Leaf_1-Shape.pt

📝 Log file generated! Saving all output to: ./node/training/training_logs/NODE_lasa_Leaf_1-Shape_RiemannianMSE_EGI_energy_imitation_Log_20261008_095315.txt


--- Initializing Models ---
Length Trajectory: 1000
Length Trajectories: 14
Trajectories euclidian dimension: 7
Trajectory 0: [-0.20185418 -0.9546074   0.          0.99529144 -0.09673874  0.00604617
  0.        ]
Trajectory: [-0.20185418 -0.9546074   0.         -0.99529144  0.09673874 -0.00604617
 -0.        ]
Trajectory: [-0.25845467 -0.86566377  0.          0.99344506 -0.1107781   0.02819806
  0.        ]
Trajectory: [-0.25845467 -0.86566377  0.         -0.99344506  0.1107781  -0.02819806
 -0.        ]
Trajectory: [-0.29079781 -0.89800691  0.          0.99271333 -0.11880561  0.02013654
  0.        ]
Trajectory: [-0.29079781 -0.89800691  0.         -0.99271333  0.11880561 -0.02013654
 -0.        ]
Trajectory 6: [-0.31505516 -0.79289171  0.          0.99110414 -0.12477937  0.04628912
  0.        ]
Trajectory 7: [-0.31505516 -0.79289171  0.         -0.99110414  0.12477937 -0.04628912
 -0.        ]
Trajectory: [-0.36356987 -0.8494922   0.          0.99007448 -0.13680762  0.03219003
  0.        ]
Trajectory: [-0.36356987 -0.8494922   0.         -0.99007448  0.13680762 -0.03219003
 -0.        ]
Trajectory: [-0.33122673 -0.8494922   0.          0.9911468  -0.12880635  0.03220159
  0.        ]
Total # of Trajectories: 14
RBF beta = 0.1393 (from checkpoint)
✅ Successfully loaded VAE from ./models/vae/lasa/VAE_Leaf_1-Shape.pt
VAE Model initialized with DOF=7
NODE Model initialized with latent_dim=2 and hidden_dim=256

--- Preparing Datasets ---
Dataset already exists at ./node/data/Leaf_1-Shape_processed. Skipping preprocessing.
✅ Dataset Loaded from ./node/data/Leaf_1-Shape_processed | Train: 540 | Val: 60 | Test: 100
✅ Successfully loaded dataset baselines from JSON.
⚙️  Using Safe Baseline: 0.00 (Auto-Calculated)
⚙️  Using Energy Scale:  5.15e-02 (Auto-Calculated)

🚀 Launching NODE Training...

============================================================================================================================================
Starting Training: NODE_lasa_Leaf_1-Shape_RiemannianMSE_EGI_energy_imitation on CUDA
Epochs: 2000 | Initial LR: 0.0001 | LR Drop at: 1600
============================================================================================================================================

Epoch 1 |
| Train | Tot: 0.39811 | Imit: 0.39811 | Ener: 0.00000 | Goal: 0.47664 |
| Valid | Tot: 0.37648 | Imit: 0.37648 | Ener: 0.01185 | Goal: 0.35728 |
🟡 Riem. Gap: 0.02163
⚠️ Euclid Gap: 5.83024
🚩 DASHBOARD: Weights (Imit: 1.0000e+00, Goal: 0.0000e+00, Ener: 0.00e+00) | Density: 0.00 (0.00x base)
--------------------------------------------------------------------------------------------------------------------------------------------
Epoch 50 |
| Train | Tot: 0.04827 | Imit: 0.04827 | Ener: 0.00000 | Goal: 0.08602 |
| Valid | Tot: 0.05096 | Imit: 0.05096 | Ener: 0.60294 | Goal: 0.09879 |
✅ Riem. Gap: 0.00270
⚠️ Euclid Gap: 1.01743
🚩 DASHBOARD: Weights (Imit: 1.0000e+00, Goal: 0.0000e+00, Ener: 0.00e+00) | Density: 0.00 (0.00x base)
--------------------------------------------------------------------------------------------------------------------------------------------
Epoch 100 |
| Train | Tot: 0.03730 | Imit: 0.03730 | Ener: 0.00000 | Goal: 0.07362 |
| Valid | Tot: 0.03940 | Imit: 0.03940 | Ener: 0.53273 | Goal: 0.07495 |
✅ Riem. Gap: 0.00210
⚠️ Euclid Gap: 0.76658
🚩 DASHBOARD: Weights (Imit: 1.0000e+00, Goal: 0.0000e+00, Ener: 0.00e+00) | Density: 0.00 (0.00x base)
--------------------------------------------------------------------------------------------------------------------------------------------
Epoch 150 |
| Train | Tot: 0.03173 | Imit: 0.03173 | Ener: 0.00000 | Goal: 0.06866 |
| Valid | Tot: 0.03371 | Imit: 0.03371 | Ener: 0.46921 | Goal: 0.07108 |
✅ Riem. Gap: 0.00198
⚠️ Euclid Gap: 0.62598
🚩 DASHBOARD: Weights (Imit: 1.0000e+00, Goal: 0.0000e+00, Ener: 0.00e+00) | Density: 0.00 (0.00x base)
--------------------------------------------------------------------------------------------------------------------------------------------
Epoch 200 |
| Train | Tot: 0.02845 | Imit: 0.02845 | Ener: 0.00000 | Goal: 0.06700 |
| Valid | Tot: 0.03132 | Imit: 0.03132 | Ener: 0.41837 | Goal: 0.07155 |
✅ Riem. Gap: 0.00287
⚠️ Euclid Gap: 0.67361
🚩 DASHBOARD: Weights (Imit: 1.0000e+00, Goal: 0.0000e+00, Ener: 0.00e+00) | Density: 0.00 (0.00x base)
--------------------------------------------------------------------------------------------------------------------------------------------
Epoch 250 |
| Train | Tot: 0.02656 | Imit: 0.02656 | Ener: 0.00000 | Goal: 0.06702 |
| Valid | Tot: 0.02987 | Imit: 0.02987 | Ener: 0.39371 | Goal: 0.07023 |
✅ Riem. Gap: 0.00331
⚠️ Euclid Gap: 0.67919
🚩 DASHBOARD: Weights (Imit: 1.0000e+00, Goal: 0.0000e+00, Ener: 0.00e+00) | Density: 0.00 (0.00x base)
--------------------------------------------------------------------------------------------------------------------------------------------
Epoch 300 |
| Train | Tot: 0.02468 | Imit: 0.02468 | Ener: 0.00000 | Goal: 0.06625 |
| Valid | Tot: 0.02859 | Imit: 0.02859 | Ener: 0.43148 | Goal: 0.07441 |
✅ Riem. Gap: 0.00391
⚠️ Euclid Gap: 0.69789
🚩 DASHBOARD: Weights (Imit: 1.0000e+00, Goal: 0.0000e+00, Ener: 0.00e+00) | Density: 0.00 (0.00x base)
--------------------------------------------------------------------------------------------------------------------------------------------
Epoch 350 |
| Train | Tot: 0.02398 | Imit: 0.02398 | Ener: 0.00000 | Goal: 0.06537 |
| Valid | Tot: 0.03019 | Imit: 0.03019 | Ener: 0.38158 | Goal: 0.06139 |
✅ Riem. Gap: 0.00620
⚠️ Euclid Gap: 1.18444
🚩 DASHBOARD: Weights (Imit: 1.0000e+00, Goal: 0.0000e+00, Ener: 0.00e+00) | Density: 0.00 (0.00x base)
--------------------------------------------------------------------------------------------------------------------------------------------
Epoch 400 |
| Train | Tot: 0.02290 | Imit: 0.02290 | Ener: 0.00000 | Goal: 0.06442 |
| Valid | Tot: 0.02819 | Imit: 0.02819 | Ener: 0.39111 | Goal: 0.06768 |
✅ Riem. Gap: 0.00529
⚠️ Euclid Gap: 1.01500
🚩 DASHBOARD: Weights (Imit: 1.0000e+00, Goal: 0.0000e+00, Ener: 0.00e+00) | Density: 0.00 (0.00x base)
--------------------------------------------------------------------------------------------------------------------------------------------
Epoch 450 |
| Train | Tot: 0.02180 | Imit: 0.02180 | Ener: 0.00000 | Goal: 0.05884 |
| Valid | Tot: 0.02871 | Imit: 0.02871 | Ener: 0.38472 | Goal: 0.06232 |
✅ Riem. Gap: 0.00691
⚠️ Euclid Gap: 1.26387
🚩 DASHBOARD: Weights (Imit: 1.0000e+00, Goal: 0.0000e+00, Ener: 0.00e+00) | Density: 0.00 (0.00x base)
--------------------------------------------------------------------------------------------------------------------------------------------
Epoch 500 |
| Train | Tot: 0.02104 | Imit: 0.02104 | Ener: 0.00000 | Goal: 0.05830 |
| Valid | Tot: 0.02635 | Imit: 0.02635 | Ener: 0.36889 | Goal: 0.06111 |
✅ Riem. Gap: 0.00531
⚠️ Euclid Gap: 0.96343
🚩 DASHBOARD: Weights (Imit: 1.0000e+00, Goal: 0.0000e+00, Ener: 0.00e+00) | Density: 0.00 (0.00x base)
--------------------------------------------------------------------------------------------------------------------------------------------
Epoch 550 |
| Train | Tot: 0.07660 | Imit: 0.04822 | Ener: 0.48810 | Goal: 0.00520 |
| Valid | Tot: 0.06153 | Imit: 0.05198 | Ener: 0.57388 | Goal: 0.00135 |
✅ Riem. Gap: 0.00376
⚠️ Euclid Gap: 0.63194
🚩 DASHBOARD: Weights (Imit: 1.0000e+00, Goal: 5.0000e+00, Ener: 4.90e-03) | Density: 0.01 (2.29x base)
--------------------------------------------------------------------------------------------------------------------------------------------
Epoch 600 |
| Train | Tot: 0.10104 | Imit: 0.04877 | Ener: 0.45930 | Goal: 0.00955 |
| Valid | Tot: 0.06591 | Imit: 0.04453 | Ener: 0.53394 | Goal: 0.00322 |
✅ Riem. Gap: 0.00424
⚠️ Euclid Gap: 0.37465
🚩 DASHBOARD: Weights (Imit: 1.0000e+00, Goal: 5.0000e+00, Ener: 9.90e-03) | Density: 0.00 (1.93x base)
--------------------------------------------------------------------------------------------------------------------------------------------
Epoch 650 |
| Train | Tot: 0.11934 | Imit: 0.04560 | Ener: 0.45685 | Goal: 0.01339 |
| Valid | Tot: 0.06542 | Imit: 0.04707 | Ener: 0.62143 | Goal: 0.00182 |
✅ Riem. Gap: 0.00148
⚠️ Euclid Gap: 0.73211
🚩 DASHBOARD: Weights (Imit: 1.0000e+00, Goal: 5.0000e+00, Ener: 1.49e-02) | Density: 0.01 (3.18x base)
--------------------------------------------------------------------------------------------------------------------------------------------
Epoch 700 |
| Train | Tot: 0.14134 | Imit: 0.04878 | Ener: 0.45990 | Goal: 0.01668 |
| Valid | Tot: 0.10779 | Imit: 0.05258 | Ener: 0.57762 | Goal: 0.00874 |
✅ Riem. Gap: 0.00380
⚠️ Euclid Gap: 1.43048
🚩 DASHBOARD: Weights (Imit: 1.0000e+00, Goal: 5.0000e+00, Ener: 1.99e-02) | Density: 0.01 (2.14x base)
--------------------------------------------------------------------------------------------------------------------------------------------
Epoch 750 |
| Train | Tot: 0.12897 | Imit: 0.04741 | Ener: 0.46063 | Goal: 0.01402 |
| Valid | Tot: 0.12734 | Imit: 0.05246 | Ener: 0.54398 | Goal: 0.01227 |
✅ Riem. Gap: 0.00506
⚠️ Euclid Gap: 1.65982
🚩 DASHBOARD: Weights (Imit: 1.0000e+00, Goal: 5.0000e+00, Ener: 2.49e-02) | Density: 0.01 (2.50x base)
--------------------------------------------------------------------------------------------------------------------------------------------
Epoch 800 |
| Train | Tot: 0.09395 | Imit: 0.04222 | Ener: 0.41204 | Goal: 0.00788 |
| Valid | Tot: 0.07810 | Imit: 0.04594 | Ener: 0.49925 | Goal: 0.00345 |
✅ Riem. Gap: 0.00372
⚠️ Euclid Gap: 0.76561
🚩 DASHBOARD: Weights (Imit: 1.0000e+00, Goal: 5.0000e+00, Ener: 2.99e-02) | Density: 0.00 (1.87x base)
--------------------------------------------------------------------------------------------------------------------------------------------
Epoch 850 |
| Train | Tot: 0.08436 | Imit: 0.04118 | Ener: 0.40104 | Goal: 0.00584 |
| Valid | Tot: 0.08625 | Imit: 0.04648 | Ener: 0.49872 | Goal: 0.00447 |
✅ Riem. Gap: 0.00530
⚠️ Euclid Gap: 1.26788
🚩 DASHBOARD: Weights (Imit: 1.0000e+00, Goal: 5.0000e+00, Ener: 3.49e-02) | Density: 0.00 (1.97x base)
--------------------------------------------------------------------------------------------------------------------------------------------
Epoch 900 |
| Train | Tot: 0.06879 | Imit: 0.03886 | Ener: 0.39391 | Goal: 0.00284 |
| Valid | Tot: 0.07710 | Imit: 0.03925 | Ener: 0.46986 | Goal: 0.00382 |
✅ Riem. Gap: 0.00040
✅ Euclid Gap: 0.01758
🚩 DASHBOARD: Weights (Imit: 1.0000e+00, Goal: 5.0000e+00, Ener: 3.99e-02) | Density: 0.00 (1.75x base)
--------------------------------------------------------------------------------------------------------------------------------------------
Epoch 950 |
| Train | Tot: 0.06827 | Imit: 0.03754 | Ener: 0.38835 | Goal: 0.00266 |
| Valid | Tot: 0.09953 | Imit: 0.03395 | Ener: 0.47733 | Goal: 0.00883 |
✅ Riem. Gap: 0.00359
⚠️ Euclid Gap: 0.46522
🚩 DASHBOARD: Weights (Imit: 1.0000e+00, Goal: 5.0000e+00, Ener: 4.49e-02) | Density: 0.00 (1.82x base)
--------------------------------------------------------------------------------------------------------------------------------------------
Epoch 1000 |
| Train | Tot: 0.06819 | Imit: 0.03624 | Ener: 0.37736 | Goal: 0.00262 |
| Valid | Tot: 0.08624 | Imit: 0.03401 | Ener: 0.46818 | Goal: 0.00577 |
✅ Riem. Gap: 0.00223
⚠️ Euclid Gap: 0.30042
🚩 DASHBOARD: Weights (Imit: 1.0000e+00, Goal: 5.0000e+00, Ener: 4.99e-02) | Density: 0.00 (1.80x base)
--------------------------------------------------------------------------------------------------------------------------------------------
Epoch 1050 |
| Train | Tot: 0.06839 | Imit: 0.03563 | Ener: 0.37696 | Goal: 0.00241 |
| Valid | Tot: 0.07096 | Imit: 0.03278 | Ener: 0.46327 | Goal: 0.00255 |
✅ Riem. Gap: 0.00285
⚠️ Euclid Gap: 0.39138
🚩 DASHBOARD: Weights (Imit: 1.0000e+00, Goal: 5.0000e+00, Ener: 5.49e-02) | Density: 0.00 (1.75x base)
--------------------------------------------------------------------------------------------------------------------------------------------
Epoch 1100 |
| Train | Tot: 0.09470 | Imit: 0.03803 | Ener: 0.37680 | Goal: 0.00682 |
| Valid | Tot: 0.10823 | Imit: 0.04094 | Ener: 0.48432 | Goal: 0.00766 |
✅ Riem. Gap: 0.00291
⚠️ Euclid Gap: 0.81477
🚩 DASHBOARD: Weights (Imit: 1.0000e+00, Goal: 5.0000e+00, Ener: 5.99e-02) | Density: 0.00 (1.85x base)
--------------------------------------------------------------------------------------------------------------------------------------------
Epoch 1150 |
| Train | Tot: 0.11427 | Imit: 0.04050 | Ener: 0.37912 | Goal: 0.00983 |
| Valid | Tot: 0.08991 | Imit: 0.05107 | Ener: 0.45237 | Goal: 0.00190 |
🟡 Riem. Gap: 0.01057
⚠️ Euclid Gap: 1.82384
🚩 DASHBOARD: Weights (Imit: 1.0000e+00, Goal: 5.0000e+00, Ener: 6.49e-02) | Density: 0.00 (1.53x base)
--------------------------------------------------------------------------------------------------------------------------------------------
Epoch 1200 |
| Train | Tot: 0.08378 | Imit: 0.03683 | Ener: 0.36682 | Goal: 0.00426 |
| Valid | Tot: 0.10137 | Imit: 0.03263 | Ener: 0.45349 | Goal: 0.00741 |
✅ Riem. Gap: 0.00420
⚠️ Euclid Gap: 0.47410
🚩 DASHBOARD: Weights (Imit: 1.0000e+00, Goal: 5.0000e+00, Ener: 6.99e-02) | Density: 0.00 (1.72x base)
--------------------------------------------------------------------------------------------------------------------------------------------
Epoch 1250 |
| Train | Tot: 0.10361 | Imit: 0.03709 | Ener: 0.37540 | Goal: 0.00768 |
| Valid | Tot: 0.09761 | Imit: 0.03704 | Ener: 0.42417 | Goal: 0.00576 |
✅ Riem. Gap: 0.00005
✅ Euclid Gap: 0.01507
🚩 DASHBOARD: Weights (Imit: 1.0000e+00, Goal: 5.0000e+00, Ener: 7.49e-02) | Density: 0.00 (1.48x base)
--------------------------------------------------------------------------------------------------------------------------------------------
Epoch 1300 |
| Train | Tot: 0.09897 | Imit: 0.03614 | Ener: 0.36524 | Goal: 0.00673 |
| Valid | Tot: 0.08022 | Imit: 0.03283 | Ener: 0.44006 | Goal: 0.00244 |
✅ Riem. Gap: 0.00330
⚠️ Euclid Gap: 0.61051
🚩 DASHBOARD: Weights (Imit: 1.0000e+00, Goal: 5.0000e+00, Ener: 7.99e-02) | Density: 0.00 (1.74x base)
--------------------------------------------------------------------------------------------------------------------------------------------
Epoch 1350 |
| Train | Tot: 0.12395 | Imit: 0.03693 | Ener: 0.35729 | Goal: 0.01134 |
| Valid | Tot: 0.08475 | Imit: 0.03594 | Ener: 0.43666 | Goal: 0.00235 |
✅ Riem. Gap: 0.00099
✅ Euclid Gap: 0.05685
🚩 DASHBOARD: Weights (Imit: 1.0000e+00, Goal: 5.0000e+00, Ener: 8.49e-02) | Density: 0.00 (1.60x base)
--------------------------------------------------------------------------------------------------------------------------------------------
Epoch 1400 |
| Train | Tot: 0.10232 | Imit: 0.03495 | Ener: 0.35573 | Goal: 0.00708 |
| Valid | Tot: 0.07959 | Imit: 0.03160 | Ener: 0.43800 | Goal: 0.00172 |
✅ Riem. Gap: 0.00335
⚠️ Euclid Gap: 0.48375
🚩 DASHBOARD: Weights (Imit: 1.0000e+00, Goal: 5.0000e+00, Ener: 8.99e-02) | Density: 0.00 (1.89x base)
--------------------------------------------------------------------------------------------------------------------------------------------
Epoch 1450 |
| Train | Tot: 0.09270 | Imit: 0.03430 | Ener: 0.35083 | Goal: 0.00502 |
| Valid | Tot: 0.07503 | Imit: 0.03039 | Ener: 0.42883 | Goal: 0.00079 |
✅ Riem. Gap: 0.00391
⚠️ Euclid Gap: 0.68786
🚩 DASHBOARD: Weights (Imit: 1.0000e+00, Goal: 5.0000e+00, Ener: 9.49e-02) | Density: 0.00 (1.82x base)
--------------------------------------------------------------------------------------------------------------------------------------------
Epoch 1500 |
| Train | Tot: 0.12228 | Imit: 0.03619 | Ener: 0.35009 | Goal: 0.01022 |
| Valid | Tot: 0.09299 | Imit: 0.04110 | Ener: 0.42120 | Goal: 0.00196 |
✅ Riem. Gap: 0.00491
⚠️ Euclid Gap: 0.85956
🚩 DASHBOARD: Weights (Imit: 1.0000e+00, Goal: 5.0000e+00, Ener: 9.99e-02) | Density: 0.00 (1.47x base)
--------------------------------------------------------------------------------------------------------------------------------------------
Epoch 1550 |
| Train | Tot: 0.09913 | Imit: 0.03482 | Ener: 0.34880 | Goal: 0.00589 |
| Valid | Tot: 0.08697 | Imit: 0.03314 | Ener: 0.41475 | Goal: 0.00247 |
✅ Riem. Gap: 0.00168
🟡 Euclid Gap: 0.14357
🚩 DASHBOARD: Weights (Imit: 1.0000e+00, Goal: 5.0000e+00, Ener: 1.00e-01) | Density: 0.00 (1.60x base)
--------------------------------------------------------------------------------------------------------------------------------------------
Epoch 1600 |
| Train | Tot: 0.10005 | Imit: 0.03432 | Ener: 0.34350 | Goal: 0.00628 |
| Valid | Tot: 0.11557 | Imit: 0.03691 | Ener: 0.42540 | Goal: 0.00722 |
✅ Riem. Gap: 0.00259
⚠️ Euclid Gap: 0.55214
🚩 DASHBOARD: Weights (Imit: 1.0000e+00, Goal: 5.0000e+00, Ener: 1.00e-01) | Density: 0.00 (1.73x base)
--------------------------------------------------------------------------------------------------------------------------------------------
📉 Epoch 1600: Learning Rate dropped to 1e-05
Epoch 1650 |
| Train | Tot: 0.09666 | Imit: 0.03316 | Ener: 0.34844 | Goal: 0.00573 |
| Valid | Tot: 0.11043 | Imit: 0.03146 | Ener: 0.41830 | Goal: 0.00743 |
✅ Riem. Gap: 0.00170
🟡 Euclid Gap: 0.21294
🚩 DASHBOARD: Weights (Imit: 1.0000e+00, Goal: 5.0000e+00, Ener: 1.00e-01) | Density: 0.00 (1.70x base)
--------------------------------------------------------------------------------------------------------------------------------------------
Epoch 1700 |
| Train | Tot: 0.09572 | Imit: 0.03289 | Ener: 0.35176 | Goal: 0.00553 |
| Valid | Tot: 0.11069 | Imit: 0.03113 | Ener: 0.42021 | Goal: 0.00751 |
✅ Riem. Gap: 0.00176
🟡 Euclid Gap: 0.23089
🚩 DASHBOARD: Weights (Imit: 1.0000e+00, Goal: 5.0000e+00, Ener: 1.00e-01) | Density: 0.00 (1.73x base)
--------------------------------------------------------------------------------------------------------------------------------------------
Epoch 1750 |
| Train | Tot: 0.09471 | Imit: 0.03305 | Ener: 0.35205 | Goal: 0.00529 |
| Valid | Tot: 0.11167 | Imit: 0.03182 | Ener: 0.42352 | Goal: 0.00750 |
✅ Riem. Gap: 0.00123
🟡 Euclid Gap: 0.12414
🚩 DASHBOARD: Weights (Imit: 1.0000e+00, Goal: 5.0000e+00, Ener: 1.00e-01) | Density: 0.00 (1.75x base)
--------------------------------------------------------------------------------------------------------------------------------------------
Epoch 1800 |
| Train | Tot: 0.09403 | Imit: 0.03309 | Ener: 0.35630 | Goal: 0.00506 |
| Valid | Tot: 0.11253 | Imit: 0.03063 | Ener: 0.42508 | Goal: 0.00788 |
✅ Riem. Gap: 0.00246
⚠️ Euclid Gap: 0.31791
🚩 DASHBOARD: Weights (Imit: 1.0000e+00, Goal: 5.0000e+00, Ener: 1.00e-01) | Density: 0.00 (1.81x base)
--------------------------------------------------------------------------------------------------------------------------------------------
Epoch 1850 |
| Train | Tot: 0.09521 | Imit: 0.03323 | Ener: 0.35604 | Goal: 0.00527 |
| Valid | Tot: 0.11169 | Imit: 0.03078 | Ener: 0.42324 | Goal: 0.00772 |
✅ Riem. Gap: 0.00245
⚠️ Euclid Gap: 0.32870
🚩 DASHBOARD: Weights (Imit: 1.0000e+00, Goal: 5.0000e+00, Ener: 1.00e-01) | Density: 0.00 (1.77x base)
--------------------------------------------------------------------------------------------------------------------------------------------
Epoch 1900 |
| Train | Tot: 0.09429 | Imit: 0.03313 | Ener: 0.35829 | Goal: 0.00507 |
| Valid | Tot: 0.11299 | Imit: 0.03093 | Ener: 0.42899 | Goal: 0.00783 |
✅ Riem. Gap: 0.00220
🟡 Euclid Gap: 0.26886
🚩 DASHBOARD: Weights (Imit: 1.0000e+00, Goal: 5.0000e+00, Ener: 1.00e-01) | Density: 0.00 (1.79x base)
--------------------------------------------------------------------------------------------------------------------------------------------
Epoch 1950 |
| Train | Tot: 0.09351 | Imit: 0.03318 | Ener: 0.36063 | Goal: 0.00485 |
| Valid | Tot: 0.11353 | Imit: 0.03026 | Ener: 0.42765 | Goal: 0.00810 |
✅ Riem. Gap: 0.00292
⚠️ Euclid Gap: 0.39171
🚩 DASHBOARD: Weights (Imit: 1.0000e+00, Goal: 5.0000e+00, Ener: 1.00e-01) | Density: 0.00 (1.80x base)
--------------------------------------------------------------------------------------------------------------------------------------------
Epoch 2000 |
| Train | Tot: 0.09325 | Imit: 0.03288 | Ener: 0.36020 | Goal: 0.00487 |
| Valid | Tot: 0.11274 | Imit: 0.03048 | Ener: 0.42618 | Goal: 0.00793 |
✅ Riem. Gap: 0.00240
⚠️ Euclid Gap: 0.31849
🚩 DASHBOARD: Weights (Imit: 1.0000e+00, Goal: 5.0000e+00, Ener: 1.00e-01) | Density: 0.00 (1.73x base)
--------------------------------------------------------------------------------------------------------------------------------------------
Training Complete in 47.72 minutes.
✅ Model saved dynamically to ./models/node/lasa/NODE_lasa_Leaf_1-Shape_RiemannianMSE_EGI_energy_imitation.pth
📊 Training plot saved as SVG to: ./node/training/training_curves/NODE_lasa_Leaf_1-Shape_RiemannianMSE_EGI_energy_imitation_Training-Curves.svg
Bye bye!
