Hello world!

--- Completing Configuration ---
Starting run for Dataset: LASA | Shape: Sine
Loading VAE from: ./models/vae/lasa/VAE_Sine-Shape.pt

📝 Log file generated! Saving all output to: ./node/training/training_logs/NODE_lasa_Sine-Shape_RiemannianMSE_EGI_energy_imitation_Log_20261008_104107.txt


--- Initializing Models ---
Length Trajectory: 1000
Length Trajectories: 14
Trajectories euclidian dimension: 7
Trajectory 0: [-0.80442548 -0.27807902  0.          0.90009796 -0.43559305 -0.00907486
  0.        ]
Trajectory: [-0.80442548 -0.27807902  0.         -0.90009796  0.43559305  0.00907486
 -0.        ]
Trajectory: [-0.85099084 -0.20357444  0.          0.89492348 -0.44612768  0.00905843
  0.        ]
Trajectory: [-0.85099084 -0.20357444  0.         -0.89492348  0.44612768 -0.00905843
 -0.        ]
Trajectory: [-0.85099084 -0.16632215  0.          0.8947959  -0.44610772  0.01811605
  0.        ]
Trajectory: [-0.85099084 -0.16632215  0.         -0.8947959   0.44610772 -0.01811605
 -0.        ]
Trajectory 6: [-1.         -0.13838293  0.          0.87726292 -0.47937135  0.02475627
  0.        ]
Trajectory 7: [-1.         -0.13838293  0.         -0.87726292  0.47937135 -0.02475627
 -0.        ]
Trajectory: [-0.84167777 -0.16632215  0.          0.89584064 -0.44400577  0.01812268
  0.        ]
Trajectory: [-0.84167777 -0.16632215  0.         -0.89584064  0.44400577 -0.01812268
 -0.        ]
Trajectory: [-0.86961698 -0.18494829  0.          0.89276601 -0.450316    0.01357737
  0.        ]
Total # of Trajectories: 14
RBF beta = 0.1536 (from checkpoint)
✅ Successfully loaded VAE from ./models/vae/lasa/VAE_Sine-Shape.pt
VAE Model initialized with DOF=7
NODE Model initialized with latent_dim=2 and hidden_dim=512

--- Preparing Datasets ---
Dataset already exists at ./node/data/Sine-Shape_processed. Skipping preprocessing.
✅ Dataset Loaded from ./node/data/Sine-Shape_processed | Train: 540 | Val: 60 | Test: 100
✅ Successfully loaded dataset baselines from JSON.
⚙️  Using Safe Baseline: 0.00 (Auto-Calculated)
⚙️  Using Energy Scale:  5.96e-02 (Auto-Calculated)

🚀 Launching NODE Training...

============================================================================================================================================
Starting Training: NODE_lasa_Sine-Shape_RiemannianMSE_EGI_energy_imitation on CUDA
Epochs: 2000 | Initial LR: 0.0001 | LR Drop at: 1600
============================================================================================================================================

Epoch 1 |
| Train | Tot: 0.20983 | Imit: 0.20983 | Ener: 0.00000 | Goal: 0.29006 |
| Valid | Tot: 0.17786 | Imit: 0.17786 | Ener: 0.06373 | Goal: 0.21748 |
🟡 Riem. Gap: 0.03197
⚠️ Euclid Gap: 9.48194
🚩 DASHBOARD: Weights (Imit: 1.0000e+00, Goal: 0.0000e+00, Ener: 0.00e+00) | Density: 0.00 (0.00x base)
--------------------------------------------------------------------------------------------------------------------------------------------
Epoch 50 |
| Train | Tot: 0.01693 | Imit: 0.01693 | Ener: 0.00000 | Goal: 0.06891 |
| Valid | Tot: 0.01946 | Imit: 0.01946 | Ener: 0.33827 | Goal: 0.08087 |
✅ Riem. Gap: 0.00254
⚠️ Euclid Gap: 1.10609
🚩 DASHBOARD: Weights (Imit: 1.0000e+00, Goal: 0.0000e+00, Ener: 0.00e+00) | Density: 0.00 (0.00x base)
--------------------------------------------------------------------------------------------------------------------------------------------
Epoch 100 |
| Train | Tot: 0.01530 | Imit: 0.01530 | Ener: 0.00000 | Goal: 0.06136 |
| Valid | Tot: 0.01792 | Imit: 0.01792 | Ener: 0.35757 | Goal: 0.07755 |
✅ Riem. Gap: 0.00263
⚠️ Euclid Gap: 1.12719
🚩 DASHBOARD: Weights (Imit: 1.0000e+00, Goal: 0.0000e+00, Ener: 0.00e+00) | Density: 0.00 (0.00x base)
--------------------------------------------------------------------------------------------------------------------------------------------
Epoch 150 |
| Train | Tot: 0.01445 | Imit: 0.01445 | Ener: 0.00000 | Goal: 0.05937 |
| Valid | Tot: 0.01723 | Imit: 0.01723 | Ener: 0.34903 | Goal: 0.06974 |
✅ Riem. Gap: 0.00278
⚠️ Euclid Gap: 1.19062
🚩 DASHBOARD: Weights (Imit: 1.0000e+00, Goal: 0.0000e+00, Ener: 0.00e+00) | Density: 0.00 (0.00x base)
--------------------------------------------------------------------------------------------------------------------------------------------
Epoch 200 |
| Train | Tot: 0.01384 | Imit: 0.01384 | Ener: 0.00000 | Goal: 0.05523 |
| Valid | Tot: 0.01639 | Imit: 0.01639 | Ener: 0.36499 | Goal: 0.06996 |
✅ Riem. Gap: 0.00255
⚠️ Euclid Gap: 1.05349
🚩 DASHBOARD: Weights (Imit: 1.0000e+00, Goal: 0.0000e+00, Ener: 0.00e+00) | Density: 0.00 (0.00x base)
--------------------------------------------------------------------------------------------------------------------------------------------
Epoch 250 |
| Train | Tot: 0.01366 | Imit: 0.01366 | Ener: 0.00000 | Goal: 0.05182 |
| Valid | Tot: 0.01608 | Imit: 0.01608 | Ener: 0.36094 | Goal: 0.06221 |
✅ Riem. Gap: 0.00242
⚠️ Euclid Gap: 1.08751
🚩 DASHBOARD: Weights (Imit: 1.0000e+00, Goal: 0.0000e+00, Ener: 0.00e+00) | Density: 0.00 (0.00x base)
--------------------------------------------------------------------------------------------------------------------------------------------
Epoch 300 |
| Train | Tot: 0.01353 | Imit: 0.01353 | Ener: 0.00000 | Goal: 0.04861 |
| Valid | Tot: 0.01646 | Imit: 0.01646 | Ener: 0.36534 | Goal: 0.05792 |
✅ Riem. Gap: 0.00293
⚠️ Euclid Gap: 1.11299
🚩 DASHBOARD: Weights (Imit: 1.0000e+00, Goal: 0.0000e+00, Ener: 0.00e+00) | Density: 0.00 (0.00x base)
--------------------------------------------------------------------------------------------------------------------------------------------
Epoch 350 |
| Train | Tot: 0.01282 | Imit: 0.01282 | Ener: 0.00000 | Goal: 0.04735 |
| Valid | Tot: 0.01519 | Imit: 0.01519 | Ener: 0.36772 | Goal: 0.05890 |
✅ Riem. Gap: 0.00237
⚠️ Euclid Gap: 1.01850
🚩 DASHBOARD: Weights (Imit: 1.0000e+00, Goal: 0.0000e+00, Ener: 0.00e+00) | Density: 0.00 (0.00x base)
--------------------------------------------------------------------------------------------------------------------------------------------
Epoch 400 |
| Train | Tot: 0.01267 | Imit: 0.01267 | Ener: 0.00000 | Goal: 0.04724 |
| Valid | Tot: 0.01526 | Imit: 0.01526 | Ener: 0.36784 | Goal: 0.06899 |
✅ Riem. Gap: 0.00259
⚠️ Euclid Gap: 0.90685
🚩 DASHBOARD: Weights (Imit: 1.0000e+00, Goal: 0.0000e+00, Ener: 0.00e+00) | Density: 0.00 (0.00x base)
--------------------------------------------------------------------------------------------------------------------------------------------
Epoch 450 |
| Train | Tot: 0.01264 | Imit: 0.01264 | Ener: 0.00000 | Goal: 0.04889 |
| Valid | Tot: 0.01498 | Imit: 0.01498 | Ener: 0.36514 | Goal: 0.05137 |
✅ Riem. Gap: 0.00234
⚠️ Euclid Gap: 1.06447
🚩 DASHBOARD: Weights (Imit: 1.0000e+00, Goal: 0.0000e+00, Ener: 0.00e+00) | Density: 0.00 (0.00x base)
--------------------------------------------------------------------------------------------------------------------------------------------
Epoch 500 |
| Train | Tot: 0.01247 | Imit: 0.01247 | Ener: 0.00000 | Goal: 0.04622 |
| Valid | Tot: 0.01525 | Imit: 0.01525 | Ener: 0.37673 | Goal: 0.07223 |
✅ Riem. Gap: 0.00278
⚠️ Euclid Gap: 0.88746
🚩 DASHBOARD: Weights (Imit: 1.0000e+00, Goal: 0.0000e+00, Ener: 0.00e+00) | Density: 0.00 (0.00x base)
--------------------------------------------------------------------------------------------------------------------------------------------
Epoch 550 |
| Train | Tot: 0.03045 | Imit: 0.02493 | Ener: 0.36864 | Goal: 0.00074 |
| Valid | Tot: 0.03599 | Imit: 0.02994 | Ener: 0.44191 | Goal: 0.00078 |
✅ Riem. Gap: 0.00501
⚠️ Euclid Gap: 1.92265
🚩 DASHBOARD: Weights (Imit: 1.0000e+00, Goal: 5.0000e+00, Ener: 4.90e-03) | Density: 0.01 (5.29x base)
--------------------------------------------------------------------------------------------------------------------------------------------
Epoch 600 |
| Train | Tot: 0.03056 | Imit: 0.02362 | Ener: 0.33055 | Goal: 0.00073 |
| Valid | Tot: 0.03605 | Imit: 0.02801 | Ener: 0.39863 | Goal: 0.00082 |
✅ Riem. Gap: 0.00439
⚠️ Euclid Gap: 1.85175
🚩 DASHBOARD: Weights (Imit: 1.0000e+00, Goal: 5.0000e+00, Ener: 9.90e-03) | Density: 0.01 (5.26x base)
--------------------------------------------------------------------------------------------------------------------------------------------
Epoch 650 |
| Train | Tot: 0.02935 | Imit: 0.02243 | Ener: 0.31230 | Goal: 0.00045 |
| Valid | Tot: 0.03435 | Imit: 0.02582 | Ener: 0.37629 | Goal: 0.00059 |
✅ Riem. Gap: 0.00338
⚠️ Euclid Gap: 1.53420
🚩 DASHBOARD: Weights (Imit: 1.0000e+00, Goal: 5.0000e+00, Ener: 1.49e-02) | Density: 0.01 (3.94x base)
--------------------------------------------------------------------------------------------------------------------------------------------
Epoch 700 |
| Train | Tot: 0.03207 | Imit: 0.02169 | Ener: 0.30362 | Goal: 0.00087 |
| Valid | Tot: 0.03539 | Imit: 0.02512 | Ener: 0.36511 | Goal: 0.00060 |
✅ Riem. Gap: 0.00344
⚠️ Euclid Gap: 1.56646
🚩 DASHBOARD: Weights (Imit: 1.0000e+00, Goal: 5.0000e+00, Ener: 1.99e-02) | Density: 0.01 (3.57x base)
--------------------------------------------------------------------------------------------------------------------------------------------
Epoch 750 |
| Train | Tot: 0.03150 | Imit: 0.02045 | Ener: 0.29687 | Goal: 0.00073 |
| Valid | Tot: 0.03646 | Imit: 0.02254 | Ener: 0.35506 | Goal: 0.00101 |
✅ Riem. Gap: 0.00209
⚠️ Euclid Gap: 1.22641
🚩 DASHBOARD: Weights (Imit: 1.0000e+00, Goal: 5.0000e+00, Ener: 2.49e-02) | Density: 0.01 (3.34x base)
--------------------------------------------------------------------------------------------------------------------------------------------
Epoch 800 |
| Train | Tot: 0.03276 | Imit: 0.01985 | Ener: 0.29610 | Goal: 0.00081 |
| Valid | Tot: 0.03727 | Imit: 0.02234 | Ener: 0.36401 | Goal: 0.00081 |
✅ Riem. Gap: 0.00250
⚠️ Euclid Gap: 1.59187
🚩 DASHBOARD: Weights (Imit: 1.0000e+00, Goal: 5.0000e+00, Ener: 2.99e-02) | Density: 0.01 (3.31x base)
--------------------------------------------------------------------------------------------------------------------------------------------
Epoch 850 |
| Train | Tot: 0.03161 | Imit: 0.01908 | Ener: 0.29488 | Goal: 0.00045 |
| Valid | Tot: 0.03802 | Imit: 0.02210 | Ener: 0.35726 | Goal: 0.00069 |
✅ Riem. Gap: 0.00302
⚠️ Euclid Gap: 1.46155
🚩 DASHBOARD: Weights (Imit: 1.0000e+00, Goal: 5.0000e+00, Ener: 3.49e-02) | Density: 0.01 (3.47x base)
--------------------------------------------------------------------------------------------------------------------------------------------
Epoch 900 |
| Train | Tot: 0.03447 | Imit: 0.01884 | Ener: 0.29218 | Goal: 0.00079 |
| Valid | Tot: 0.03889 | Imit: 0.02083 | Ener: 0.35686 | Goal: 0.00076 |
✅ Riem. Gap: 0.00200
⚠️ Euclid Gap: 1.35928
🚩 DASHBOARD: Weights (Imit: 1.0000e+00, Goal: 5.0000e+00, Ener: 3.99e-02) | Density: 0.01 (2.95x base)
--------------------------------------------------------------------------------------------------------------------------------------------
Epoch 950 |
| Train | Tot: 0.03589 | Imit: 0.01986 | Ener: 0.29102 | Goal: 0.00059 |
| Valid | Tot: 0.04500 | Imit: 0.02237 | Ener: 0.35179 | Goal: 0.00137 |
✅ Riem. Gap: 0.00251
⚠️ Euclid Gap: 1.21583
🚩 DASHBOARD: Weights (Imit: 1.0000e+00, Goal: 5.0000e+00, Ener: 4.49e-02) | Density: 0.01 (2.92x base)
--------------------------------------------------------------------------------------------------------------------------------------------
Epoch 1000 |
| Train | Tot: 0.03722 | Imit: 0.01868 | Ener: 0.28485 | Goal: 0.00086 |
| Valid | Tot: 0.04303 | Imit: 0.02222 | Ener: 0.35446 | Goal: 0.00062 |
✅ Riem. Gap: 0.00353
⚠️ Euclid Gap: 1.82863
🚩 DASHBOARD: Weights (Imit: 1.0000e+00, Goal: 5.0000e+00, Ener: 4.99e-02) | Density: 0.01 (3.08x base)
--------------------------------------------------------------------------------------------------------------------------------------------
Epoch 1050 |
| Train | Tot: 0.04117 | Imit: 0.01909 | Ener: 0.28444 | Goal: 0.00129 |
| Valid | Tot: 0.05592 | Imit: 0.02209 | Ener: 0.34525 | Goal: 0.00297 |
✅ Riem. Gap: 0.00301
⚠️ Euclid Gap: 1.76588
🚩 DASHBOARD: Weights (Imit: 1.0000e+00, Goal: 5.0000e+00, Ener: 5.49e-02) | Density: 0.01 (2.65x base)
--------------------------------------------------------------------------------------------------------------------------------------------
Epoch 1100 |
| Train | Tot: 0.03883 | Imit: 0.01873 | Ener: 0.28068 | Goal: 0.00066 |
| Valid | Tot: 0.04932 | Imit: 0.02145 | Ener: 0.33852 | Goal: 0.00152 |
✅ Riem. Gap: 0.00272
⚠️ Euclid Gap: 1.58560
🚩 DASHBOARD: Weights (Imit: 1.0000e+00, Goal: 5.0000e+00, Ener: 5.99e-02) | Density: 0.01 (2.80x base)
--------------------------------------------------------------------------------------------------------------------------------------------
Epoch 1150 |
| Train | Tot: 0.03885 | Imit: 0.01883 | Ener: 0.27409 | Goal: 0.00045 |
| Valid | Tot: 0.04556 | Imit: 0.01918 | Ener: 0.33854 | Goal: 0.00088 |
✅ Riem. Gap: 0.00035
⚠️ Euclid Gap: 0.55983
🚩 DASHBOARD: Weights (Imit: 1.0000e+00, Goal: 5.0000e+00, Ener: 6.49e-02) | Density: 0.01 (3.27x base)
--------------------------------------------------------------------------------------------------------------------------------------------
Epoch 1200 |
| Train | Tot: 0.03864 | Imit: 0.01668 | Ener: 0.27284 | Goal: 0.00058 |
| Valid | Tot: 0.04599 | Imit: 0.01990 | Ener: 0.33849 | Goal: 0.00049 |
✅ Riem. Gap: 0.00321
⚠️ Euclid Gap: 1.38447
🚩 DASHBOARD: Weights (Imit: 1.0000e+00, Goal: 5.0000e+00, Ener: 6.99e-02) | Density: 0.01 (3.01x base)
--------------------------------------------------------------------------------------------------------------------------------------------
Epoch 1250 |
| Train | Tot: 0.04646 | Imit: 0.01874 | Ener: 0.26743 | Goal: 0.00154 |
| Valid | Tot: 0.06405 | Imit: 0.02165 | Ener: 0.32485 | Goal: 0.00361 |
✅ Riem. Gap: 0.00291
⚠️ Euclid Gap: 1.16273
🚩 DASHBOARD: Weights (Imit: 1.0000e+00, Goal: 5.0000e+00, Ener: 7.49e-02) | Density: 0.01 (2.72x base)
--------------------------------------------------------------------------------------------------------------------------------------------
Epoch 1300 |
| Train | Tot: 0.04449 | Imit: 0.01901 | Ener: 0.26866 | Goal: 0.00080 |
| Valid | Tot: 0.05237 | Imit: 0.02139 | Ener: 0.32822 | Goal: 0.00095 |
✅ Riem. Gap: 0.00238
⚠️ Euclid Gap: 1.27579
🚩 DASHBOARD: Weights (Imit: 1.0000e+00, Goal: 5.0000e+00, Ener: 7.99e-02) | Density: 0.01 (4.11x base)
--------------------------------------------------------------------------------------------------------------------------------------------
Epoch 1350 |
| Train | Tot: 0.04427 | Imit: 0.01799 | Ener: 0.26409 | Goal: 0.00077 |
| Valid | Tot: 0.05137 | Imit: 0.01997 | Ener: 0.32403 | Goal: 0.00078 |
✅ Riem. Gap: 0.00199
⚠️ Euclid Gap: 1.17717
🚩 DASHBOARD: Weights (Imit: 1.0000e+00, Goal: 5.0000e+00, Ener: 8.49e-02) | Density: 0.01 (3.36x base)
--------------------------------------------------------------------------------------------------------------------------------------------
Epoch 1400 |
| Train | Tot: 0.04479 | Imit: 0.01769 | Ener: 0.26030 | Goal: 0.00074 |
| Valid | Tot: 0.05402 | Imit: 0.02361 | Ener: 0.32230 | Goal: 0.00029 |
✅ Riem. Gap: 0.00592
⚠️ Euclid Gap: 1.84448
🚩 DASHBOARD: Weights (Imit: 1.0000e+00, Goal: 5.0000e+00, Ener: 8.99e-02) | Density: 0.01 (4.66x base)
--------------------------------------------------------------------------------------------------------------------------------------------
Epoch 1450 |
| Train | Tot: 0.04681 | Imit: 0.01735 | Ener: 0.26298 | Goal: 0.00090 |
| Valid | Tot: 0.05568 | Imit: 0.02092 | Ener: 0.32181 | Goal: 0.00085 |
✅ Riem. Gap: 0.00357
⚠️ Euclid Gap: 1.60520
🚩 DASHBOARD: Weights (Imit: 1.0000e+00, Goal: 5.0000e+00, Ener: 9.49e-02) | Density: 0.01 (2.97x base)
--------------------------------------------------------------------------------------------------------------------------------------------
Epoch 1500 |
| Train | Tot: 0.05795 | Imit: 0.02168 | Ener: 0.26263 | Goal: 0.00201 |
| Valid | Tot: 0.09415 | Imit: 0.02890 | Ener: 0.28178 | Goal: 0.00742 |
✅ Riem. Gap: 0.00722
⚠️ Euclid Gap: 3.08016
🚩 DASHBOARD: Weights (Imit: 1.0000e+00, Goal: 5.0000e+00, Ener: 9.99e-02) | Density: 0.01 (2.75x base)
--------------------------------------------------------------------------------------------------------------------------------------------
Epoch 1550 |
| Train | Tot: 0.05023 | Imit: 0.02029 | Ener: 0.24614 | Goal: 0.00106 |
| Valid | Tot: 0.06500 | Imit: 0.02560 | Ener: 0.29079 | Goal: 0.00206 |
✅ Riem. Gap: 0.00531
⚠️ Euclid Gap: 2.22561
🚩 DASHBOARD: Weights (Imit: 1.0000e+00, Goal: 5.0000e+00, Ener: 1.00e-01) | Density: 0.01 (2.97x base)
--------------------------------------------------------------------------------------------------------------------------------------------
Epoch 1600 |
| Train | Tot: 0.04861 | Imit: 0.01951 | Ener: 0.24585 | Goal: 0.00090 |
| Valid | Tot: 0.06052 | Imit: 0.02389 | Ener: 0.30243 | Goal: 0.00128 |
✅ Riem. Gap: 0.00438
⚠️ Euclid Gap: 1.99189
🚩 DASHBOARD: Weights (Imit: 1.0000e+00, Goal: 5.0000e+00, Ener: 1.00e-01) | Density: 0.01 (3.78x base)
--------------------------------------------------------------------------------------------------------------------------------------------
📉 Epoch 1600: Learning Rate dropped to 1e-05
Epoch 1650 |
| Train | Tot: 0.04651 | Imit: 0.01862 | Ener: 0.24675 | Goal: 0.00064 |
| Valid | Tot: 0.05915 | Imit: 0.02308 | Ener: 0.29937 | Goal: 0.00123 |
✅ Riem. Gap: 0.00447
⚠️ Euclid Gap: 1.97376
🚩 DASHBOARD: Weights (Imit: 1.0000e+00, Goal: 5.0000e+00, Ener: 1.00e-01) | Density: 0.01 (3.41x base)
--------------------------------------------------------------------------------------------------------------------------------------------
Epoch 1700 |
| Train | Tot: 0.04634 | Imit: 0.01854 | Ener: 0.24686 | Goal: 0.00062 |
| Valid | Tot: 0.05906 | Imit: 0.02283 | Ener: 0.29902 | Goal: 0.00127 |
✅ Riem. Gap: 0.00429
⚠️ Euclid Gap: 1.95786
🚩 DASHBOARD: Weights (Imit: 1.0000e+00, Goal: 5.0000e+00, Ener: 1.00e-01) | Density: 0.01 (3.30x base)
--------------------------------------------------------------------------------------------------------------------------------------------
Epoch 1750 |
| Train | Tot: 0.04646 | Imit: 0.01838 | Ener: 0.24778 | Goal: 0.00066 |
| Valid | Tot: 0.05964 | Imit: 0.02265 | Ener: 0.29864 | Goal: 0.00143 |
✅ Riem. Gap: 0.00426
⚠️ Euclid Gap: 1.96854
🚩 DASHBOARD: Weights (Imit: 1.0000e+00, Goal: 5.0000e+00, Ener: 1.00e-01) | Density: 0.01 (3.21x base)
--------------------------------------------------------------------------------------------------------------------------------------------
Epoch 1800 |
| Train | Tot: 0.04622 | Imit: 0.01817 | Ener: 0.24758 | Goal: 0.00066 |
| Valid | Tot: 0.05867 | Imit: 0.02268 | Ener: 0.30214 | Goal: 0.00116 |
✅ Riem. Gap: 0.00451
⚠️ Euclid Gap: 1.98405
🚩 DASHBOARD: Weights (Imit: 1.0000e+00, Goal: 5.0000e+00, Ener: 1.00e-01) | Density: 0.01 (3.41x base)
--------------------------------------------------------------------------------------------------------------------------------------------
Epoch 1850 |
| Train | Tot: 0.04635 | Imit: 0.01804 | Ener: 0.24575 | Goal: 0.00075 |
| Valid | Tot: 0.05871 | Imit: 0.02254 | Ener: 0.29933 | Goal: 0.00125 |
✅ Riem. Gap: 0.00450
⚠️ Euclid Gap: 1.98678
🚩 DASHBOARD: Weights (Imit: 1.0000e+00, Goal: 5.0000e+00, Ener: 1.00e-01) | Density: 0.01 (3.23x base)
--------------------------------------------------------------------------------------------------------------------------------------------
Epoch 1900 |
| Train | Tot: 0.04730 | Imit: 0.01789 | Ener: 0.24712 | Goal: 0.00094 |
| Valid | Tot: 0.05877 | Imit: 0.02248 | Ener: 0.30021 | Goal: 0.00125 |
✅ Riem. Gap: 0.00459
⚠️ Euclid Gap: 2.01569
🚩 DASHBOARD: Weights (Imit: 1.0000e+00, Goal: 5.0000e+00, Ener: 1.00e-01) | Density: 0.01 (3.21x base)
--------------------------------------------------------------------------------------------------------------------------------------------
Epoch 1950 |
| Train | Tot: 0.04731 | Imit: 0.01824 | Ener: 0.24467 | Goal: 0.00092 |
| Valid | Tot: 0.05975 | Imit: 0.02243 | Ener: 0.29699 | Goal: 0.00152 |
✅ Riem. Gap: 0.00419
⚠️ Euclid Gap: 1.85474
🚩 DASHBOARD: Weights (Imit: 1.0000e+00, Goal: 5.0000e+00, Ener: 1.00e-01) | Density: 0.01 (3.21x base)
--------------------------------------------------------------------------------------------------------------------------------------------
Epoch 2000 |
| Train | Tot: 0.04621 | Imit: 0.01818 | Ener: 0.24601 | Goal: 0.00069 |
| Valid | Tot: 0.05809 | Imit: 0.02259 | Ener: 0.30070 | Goal: 0.00109 |
✅ Riem. Gap: 0.00441
⚠️ Euclid Gap: 1.90986
🚩 DASHBOARD: Weights (Imit: 1.0000e+00, Goal: 5.0000e+00, Ener: 1.00e-01) | Density: 0.01 (3.36x base)
--------------------------------------------------------------------------------------------------------------------------------------------
Training Complete in 50.13 minutes.
✅ Model saved dynamically to ./models/node/lasa/NODE_lasa_Sine-Shape_RiemannianMSE_EGI_energy_imitation.pth
📊 Training plot saved as SVG to: ./node/training/training_curves/NODE_lasa_Sine-Shape_RiemannianMSE_EGI_energy_imitation_Training-Curves.svg
Bye bye!
