Hello world!

--- Completing Configuration ---
Starting run for Dataset: LASA | Shape: Angle
Loading VAE from: ./models/vae/lasa/VAE_Angle-Shape.pt

📝 Log file generated! Saving all output to: ./node/training/training_logs/NODE_lasa_Angle-Shape_RiemannianMSE_EGI_energy_imitation_Log_20261008_113123.txt


--- Initializing Models ---
Length Trajectory: 1000
Length Trajectories: 14
Trajectories euclidian dimension: 7
Trajectory 0: [-0.78873239 -0.91427546  0.          0.90516469 -0.4239977  -0.03004708
  0.        ]
Trajectory: [-0.78873239 -0.91427546  0.         -0.90516469  0.4239977   0.03004708
 -0.        ]
Trajectory: [-0.84507042 -0.90019095  0.          0.89932816 -0.43646125 -0.02665412
  0.        ]
Trajectory: [-0.84507042 -0.90019095  0.         -0.89932816  0.43646125  0.02665412
 -0.        ]
Trajectory: [-0.77464789 -0.77343039  0.          0.90708213 -0.42094043  0.0033408
  0.        ]
Trajectory: [-0.77464789 -0.77343039  0.         -0.90708213  0.42094043 -0.0033408
 -0.        ]
Trajectory 6: [-0.81690141 -0.91427546  0.          0.90221906 -0.43023225 -0.0300162
  0.        ]
Trajectory 7: [-0.81690141 -0.91427546  0.         -0.90221906  0.43023225  0.0300162
 -0.        ]
Trajectory: [-0.94366197 -0.70300785  0.          0.8886921  -0.45807172  0.01991616
  0.        ]
Trajectory: [-0.94366197 -0.70300785  0.         -0.8886921   0.45807172 -0.01991616
 -0.        ]
Trajectory: [-0.91549296 -0.75934588  0.          0.8920134  -0.45196009  0.00664647
  0.        ]
Total # of Trajectories: 14
RBF beta = 0.1355 (from checkpoint)
✅ Successfully loaded VAE from ./models/vae/lasa/VAE_Angle-Shape.pt
VAE Model initialized with DOF=7
NODE Model initialized with latent_dim=2 and hidden_dim=512

--- Preparing Datasets ---
Dataset already exists at ./node/data/Angle-Shape_processed. Skipping preprocessing.
✅ Dataset Loaded from ./node/data/Angle-Shape_processed | Train: 540 | Val: 60 | Test: 100
✅ Successfully loaded dataset baselines from JSON.
⚙️  Using Safe Baseline: 0.00 (Auto-Calculated)
⚙️  Using Energy Scale:  5.47e-02 (Auto-Calculated)

🚀 Launching NODE Training...

============================================================================================================================================
Starting Training: NODE_lasa_Angle-Shape_RiemannianMSE_EGI_energy_imitation on CUDA
Epochs: 2000 | Initial LR: 0.0001 | LR Drop at: 800
============================================================================================================================================

Epoch 1 |
| Train | Tot: 0.51018 | Imit: 0.51018 | Ener: 0.00000 | Goal: 0.51346 |
| Valid | Tot: 0.47957 | Imit: 0.47957 | Ener: 0.00376 | Goal: 0.35835 |
🟡 Riem. Gap: 0.03061
⚠️ Euclid Gap: 0.99867
🚩 DASHBOARD: Weights (Imit: 1.0000e+00, Goal: 0.0000e+00, Ener: 0.00e+00) | Density: 0.00 (0.00x base)
--------------------------------------------------------------------------------------------------------------------------------------------
Epoch 50 |
| Train | Tot: 0.02829 | Imit: 0.02829 | Ener: 0.00000 | Goal: 0.05819 |
| Valid | Tot: 0.03498 | Imit: 0.03498 | Ener: 0.38719 | Goal: 0.07784 |
✅ Riem. Gap: 0.00669
⚠️ Euclid Gap: 1.01092
🚩 DASHBOARD: Weights (Imit: 1.0000e+00, Goal: 0.0000e+00, Ener: 0.00e+00) | Density: 0.00 (0.00x base)
--------------------------------------------------------------------------------------------------------------------------------------------
Epoch 100 |
| Train | Tot: 0.02566 | Imit: 0.02566 | Ener: 0.00000 | Goal: 0.05731 |
| Valid | Tot: 0.03175 | Imit: 0.03175 | Ener: 0.36980 | Goal: 0.07715 |
✅ Riem. Gap: 0.00609
⚠️ Euclid Gap: 0.94010
🚩 DASHBOARD: Weights (Imit: 1.0000e+00, Goal: 0.0000e+00, Ener: 0.00e+00) | Density: 0.00 (0.00x base)
--------------------------------------------------------------------------------------------------------------------------------------------
Epoch 150 |
| Train | Tot: 0.02495 | Imit: 0.02495 | Ener: 0.00000 | Goal: 0.05613 |
| Valid | Tot: 0.02959 | Imit: 0.02959 | Ener: 0.35703 | Goal: 0.07610 |
✅ Riem. Gap: 0.00463
⚠️ Euclid Gap: 0.70565
🚩 DASHBOARD: Weights (Imit: 1.0000e+00, Goal: 0.0000e+00, Ener: 0.00e+00) | Density: 0.00 (0.00x base)
--------------------------------------------------------------------------------------------------------------------------------------------
Epoch 200 |
| Train | Tot: 0.02431 | Imit: 0.02431 | Ener: 0.00000 | Goal: 0.05629 |
| Valid | Tot: 0.02872 | Imit: 0.02872 | Ener: 0.36935 | Goal: 0.07717 |
✅ Riem. Gap: 0.00440
⚠️ Euclid Gap: 0.80744
🚩 DASHBOARD: Weights (Imit: 1.0000e+00, Goal: 0.0000e+00, Ener: 0.00e+00) | Density: 0.00 (0.00x base)
--------------------------------------------------------------------------------------------------------------------------------------------
Epoch 250 |
| Train | Tot: 0.02346 | Imit: 0.02346 | Ener: 0.00000 | Goal: 0.05760 |
| Valid | Tot: 0.02676 | Imit: 0.02676 | Ener: 0.35205 | Goal: 0.05511 |
✅ Riem. Gap: 0.00330
⚠️ Euclid Gap: 0.83296
🚩 DASHBOARD: Weights (Imit: 1.0000e+00, Goal: 0.0000e+00, Ener: 0.00e+00) | Density: 0.00 (0.00x base)
--------------------------------------------------------------------------------------------------------------------------------------------
Epoch 300 |
| Train | Tot: 0.02301 | Imit: 0.02301 | Ener: 0.00000 | Goal: 0.05489 |
| Valid | Tot: 0.02592 | Imit: 0.02592 | Ener: 0.35036 | Goal: 0.06155 |
✅ Riem. Gap: 0.00290
⚠️ Euclid Gap: 0.77410
🚩 DASHBOARD: Weights (Imit: 1.0000e+00, Goal: 0.0000e+00, Ener: 0.00e+00) | Density: 0.00 (0.00x base)
--------------------------------------------------------------------------------------------------------------------------------------------
Epoch 350 |
| Train | Tot: 0.02234 | Imit: 0.02234 | Ener: 0.00000 | Goal: 0.05343 |
| Valid | Tot: 0.02496 | Imit: 0.02496 | Ener: 0.34226 | Goal: 0.06562 |
✅ Riem. Gap: 0.00262
⚠️ Euclid Gap: 0.70484
🚩 DASHBOARD: Weights (Imit: 1.0000e+00, Goal: 0.0000e+00, Ener: 0.00e+00) | Density: 0.00 (0.00x base)
--------------------------------------------------------------------------------------------------------------------------------------------
Epoch 400 |
| Train | Tot: 0.02168 | Imit: 0.02168 | Ener: 0.00000 | Goal: 0.05254 |
| Valid | Tot: 0.02366 | Imit: 0.02366 | Ener: 0.35016 | Goal: 0.05936 |
✅ Riem. Gap: 0.00198
⚠️ Euclid Gap: 0.52197
🚩 DASHBOARD: Weights (Imit: 1.0000e+00, Goal: 0.0000e+00, Ener: 0.00e+00) | Density: 0.00 (0.00x base)
--------------------------------------------------------------------------------------------------------------------------------------------
Epoch 450 |
| Train | Tot: 0.02133 | Imit: 0.02133 | Ener: 0.00000 | Goal: 0.04795 |
| Valid | Tot: 0.02308 | Imit: 0.02308 | Ener: 0.35008 | Goal: 0.05671 |
✅ Riem. Gap: 0.00175
⚠️ Euclid Gap: 0.61102
🚩 DASHBOARD: Weights (Imit: 1.0000e+00, Goal: 0.0000e+00, Ener: 0.00e+00) | Density: 0.00 (0.00x base)
--------------------------------------------------------------------------------------------------------------------------------------------
Epoch 500 |
| Train | Tot: 0.02047 | Imit: 0.02047 | Ener: 0.00000 | Goal: 0.04995 |
| Valid | Tot: 0.02255 | Imit: 0.02255 | Ener: 0.35238 | Goal: 0.06025 |
✅ Riem. Gap: 0.00207
⚠️ Euclid Gap: 0.72094
🚩 DASHBOARD: Weights (Imit: 1.0000e+00, Goal: 0.0000e+00, Ener: 0.00e+00) | Density: 0.00 (0.00x base)
--------------------------------------------------------------------------------------------------------------------------------------------
Epoch 550 |
| Train | Tot: 0.04178 | Imit: 0.03573 | Ener: 0.35549 | Goal: 0.00086 |
| Valid | Tot: 0.03761 | Imit: 0.02901 | Ener: 0.45993 | Goal: 0.00127 |
✅ Riem. Gap: 0.00671
🟡 Euclid Gap: 0.23535
🚩 DASHBOARD: Weights (Imit: 1.0000e+00, Goal: 5.0000e+00, Ener: 4.90e-03) | Density: 0.01 (4.13x base)
--------------------------------------------------------------------------------------------------------------------------------------------
Epoch 600 |
| Train | Tot: 0.04051 | Imit: 0.03415 | Ener: 0.33950 | Goal: 0.00060 |
| Valid | Tot: 0.03511 | Imit: 0.02719 | Ener: 0.42753 | Goal: 0.00074 |
✅ Riem. Gap: 0.00696
🟡 Euclid Gap: 0.17320
🚩 DASHBOARD: Weights (Imit: 1.0000e+00, Goal: 5.0000e+00, Ener: 9.90e-03) | Density: 0.01 (3.13x base)
--------------------------------------------------------------------------------------------------------------------------------------------
Epoch 650 |
| Train | Tot: 0.03902 | Imit: 0.03124 | Ener: 0.33619 | Goal: 0.00056 |
| Valid | Tot: 0.03621 | Imit: 0.02543 | Ener: 0.41799 | Goal: 0.00091 |
✅ Riem. Gap: 0.00581
🟡 Euclid Gap: 0.21214
🚩 DASHBOARD: Weights (Imit: 1.0000e+00, Goal: 5.0000e+00, Ener: 1.49e-02) | Density: 0.01 (3.00x base)
--------------------------------------------------------------------------------------------------------------------------------------------
Epoch 700 |
| Train | Tot: 0.03903 | Imit: 0.03011 | Ener: 0.33105 | Goal: 0.00047 |
| Valid | Tot: 0.03712 | Imit: 0.02527 | Ener: 0.40562 | Goal: 0.00075 |
✅ Riem. Gap: 0.00484
🟡 Euclid Gap: 0.12063
🚩 DASHBOARD: Weights (Imit: 1.0000e+00, Goal: 5.0000e+00, Ener: 1.99e-02) | Density: 0.01 (2.46x base)
--------------------------------------------------------------------------------------------------------------------------------------------
Epoch 750 |
| Train | Tot: 0.04093 | Imit: 0.03009 | Ener: 0.32624 | Goal: 0.00054 |
| Valid | Tot: 0.03687 | Imit: 0.02441 | Ener: 0.40524 | Goal: 0.00047 |
✅ Riem. Gap: 0.00568
🟡 Euclid Gap: 0.19164
🚩 DASHBOARD: Weights (Imit: 1.0000e+00, Goal: 5.0000e+00, Ener: 2.49e-02) | Density: 0.01 (2.32x base)
--------------------------------------------------------------------------------------------------------------------------------------------
Epoch 800 |
| Train | Tot: 0.04043 | Imit: 0.02897 | Ener: 0.31890 | Goal: 0.00039 |
| Valid | Tot: 0.03850 | Imit: 0.02430 | Ener: 0.39804 | Goal: 0.00046 |
✅ Riem. Gap: 0.00467
✅ Euclid Gap: 0.08454
🚩 DASHBOARD: Weights (Imit: 1.0000e+00, Goal: 5.0000e+00, Ener: 2.99e-02) | Density: 0.01 (1.97x base)
--------------------------------------------------------------------------------------------------------------------------------------------
📉 Epoch 800: Learning Rate dropped to 1e-05
Epoch 850 |
| Train | Tot: 0.04036 | Imit: 0.02759 | Ener: 0.31727 | Goal: 0.00034 |
| Valid | Tot: 0.03993 | Imit: 0.02376 | Ener: 0.39612 | Goal: 0.00047 |
✅ Riem. Gap: 0.00383
✅ Euclid Gap: 0.09891
🚩 DASHBOARD: Weights (Imit: 1.0000e+00, Goal: 5.0000e+00, Ener: 3.49e-02) | Density: 0.01 (1.87x base)
--------------------------------------------------------------------------------------------------------------------------------------------
Epoch 900 |
| Train | Tot: 0.04255 | Imit: 0.02842 | Ener: 0.31763 | Goal: 0.00029 |
| Valid | Tot: 0.04164 | Imit: 0.02379 | Ener: 0.39700 | Goal: 0.00040 |
✅ Riem. Gap: 0.00463
✅ Euclid Gap: 0.02002
🚩 DASHBOARD: Weights (Imit: 1.0000e+00, Goal: 5.0000e+00, Ener: 3.99e-02) | Density: 0.01 (1.82x base)
--------------------------------------------------------------------------------------------------------------------------------------------
Epoch 950 |
| Train | Tot: 0.04358 | Imit: 0.02749 | Ener: 0.32300 | Goal: 0.00032 |
| Valid | Tot: 0.04383 | Imit: 0.02365 | Ener: 0.39323 | Goal: 0.00050 |
✅ Riem. Gap: 0.00385
✅ Euclid Gap: 0.04650
🚩 DASHBOARD: Weights (Imit: 1.0000e+00, Goal: 5.0000e+00, Ener: 4.49e-02) | Density: 0.00 (1.71x base)
--------------------------------------------------------------------------------------------------------------------------------------------
Epoch 1000 |
| Train | Tot: 0.04518 | Imit: 0.02761 | Ener: 0.31685 | Goal: 0.00035 |
| Valid | Tot: 0.04630 | Imit: 0.02366 | Ener: 0.39000 | Goal: 0.00064 |
✅ Riem. Gap: 0.00395
✅ Euclid Gap: 0.03285
🚩 DASHBOARD: Weights (Imit: 1.0000e+00, Goal: 5.0000e+00, Ener: 4.99e-02) | Density: 0.00 (1.65x base)
--------------------------------------------------------------------------------------------------------------------------------------------
Epoch 1050 |
| Train | Tot: 0.04692 | Imit: 0.02749 | Ener: 0.31931 | Goal: 0.00038 |
| Valid | Tot: 0.04787 | Imit: 0.02378 | Ener: 0.39048 | Goal: 0.00053 |
✅ Riem. Gap: 0.00372
✅ Euclid Gap: 0.00505
🚩 DASHBOARD: Weights (Imit: 1.0000e+00, Goal: 5.0000e+00, Ener: 5.49e-02) | Density: 0.00 (1.58x base)
--------------------------------------------------------------------------------------------------------------------------------------------
Epoch 1100 |
| Train | Tot: 0.04808 | Imit: 0.02730 | Ener: 0.31700 | Goal: 0.00036 |
| Valid | Tot: 0.05003 | Imit: 0.02383 | Ener: 0.38864 | Goal: 0.00058 |
✅ Riem. Gap: 0.00347
✅ Euclid Gap: 0.05185
🚩 DASHBOARD: Weights (Imit: 1.0000e+00, Goal: 5.0000e+00, Ener: 5.99e-02) | Density: 0.00 (1.55x base)
--------------------------------------------------------------------------------------------------------------------------------------------
Epoch 1150 |
| Train | Tot: 0.04922 | Imit: 0.02730 | Ener: 0.31293 | Goal: 0.00032 |
| Valid | Tot: 0.05362 | Imit: 0.02362 | Ener: 0.38353 | Goal: 0.00102 |
✅ Riem. Gap: 0.00368
✅ Euclid Gap: 0.09714
🚩 DASHBOARD: Weights (Imit: 1.0000e+00, Goal: 5.0000e+00, Ener: 6.49e-02) | Density: 0.00 (1.48x base)
--------------------------------------------------------------------------------------------------------------------------------------------
Epoch 1200 |
| Train | Tot: 0.04984 | Imit: 0.02655 | Ener: 0.30889 | Goal: 0.00034 |
| Valid | Tot: 0.05452 | Imit: 0.02396 | Ener: 0.38566 | Goal: 0.00072 |
✅ Riem. Gap: 0.00259
🟡 Euclid Gap: 0.16094
🚩 DASHBOARD: Weights (Imit: 1.0000e+00, Goal: 5.0000e+00, Ener: 6.99e-02) | Density: 0.00 (1.46x base)
--------------------------------------------------------------------------------------------------------------------------------------------
Epoch 1250 |
| Train | Tot: 0.05236 | Imit: 0.02691 | Ener: 0.31813 | Goal: 0.00033 |
| Valid | Tot: 0.05764 | Imit: 0.02380 | Ener: 0.38151 | Goal: 0.00105 |
✅ Riem. Gap: 0.00310
✅ Euclid Gap: 0.06814
🚩 DASHBOARD: Weights (Imit: 1.0000e+00, Goal: 5.0000e+00, Ener: 7.49e-02) | Density: 0.00 (1.43x base)
--------------------------------------------------------------------------------------------------------------------------------------------
Epoch 1300 |
| Train | Tot: 0.05297 | Imit: 0.02647 | Ener: 0.31154 | Goal: 0.00032 |
| Valid | Tot: 0.06078 | Imit: 0.02391 | Ener: 0.37970 | Goal: 0.00131 |
✅ Riem. Gap: 0.00256
🟡 Euclid Gap: 0.15469
🚩 DASHBOARD: Weights (Imit: 1.0000e+00, Goal: 5.0000e+00, Ener: 7.99e-02) | Density: 0.00 (1.40x base)
--------------------------------------------------------------------------------------------------------------------------------------------
Epoch 1350 |
| Train | Tot: 0.05438 | Imit: 0.02658 | Ener: 0.30804 | Goal: 0.00033 |
| Valid | Tot: 0.06381 | Imit: 0.02411 | Ener: 0.37975 | Goal: 0.00149 |
✅ Riem. Gap: 0.00248
🟡 Euclid Gap: 0.14831
🚩 DASHBOARD: Weights (Imit: 1.0000e+00, Goal: 5.0000e+00, Ener: 8.49e-02) | Density: 0.00 (1.39x base)
--------------------------------------------------------------------------------------------------------------------------------------------
Epoch 1400 |
| Train | Tot: 0.05558 | Imit: 0.02636 | Ener: 0.30541 | Goal: 0.00035 |
| Valid | Tot: 0.06718 | Imit: 0.02428 | Ener: 0.37766 | Goal: 0.00179 |
✅ Riem. Gap: 0.00208
🟡 Euclid Gap: 0.20762
🚩 DASHBOARD: Weights (Imit: 1.0000e+00, Goal: 5.0000e+00, Ener: 8.99e-02) | Density: 0.00 (1.36x base)
--------------------------------------------------------------------------------------------------------------------------------------------
Epoch 1450 |
| Train | Tot: 0.05747 | Imit: 0.02638 | Ener: 0.31147 | Goal: 0.00031 |
| Valid | Tot: 0.07123 | Imit: 0.02406 | Ener: 0.37538 | Goal: 0.00231 |
✅ Riem. Gap: 0.00233
🟡 Euclid Gap: 0.13459
🚩 DASHBOARD: Weights (Imit: 1.0000e+00, Goal: 5.0000e+00, Ener: 9.49e-02) | Density: 0.00 (1.34x base)
--------------------------------------------------------------------------------------------------------------------------------------------
Epoch 1500 |
| Train | Tot: 0.05823 | Imit: 0.02608 | Ener: 0.30596 | Goal: 0.00032 |
| Valid | Tot: 0.07384 | Imit: 0.02411 | Ener: 0.37536 | Goal: 0.00245 |
✅ Riem. Gap: 0.00197
🟡 Euclid Gap: 0.18430
🚩 DASHBOARD: Weights (Imit: 1.0000e+00, Goal: 5.0000e+00, Ener: 9.99e-02) | Density: 0.00 (1.33x base)
--------------------------------------------------------------------------------------------------------------------------------------------
Epoch 1550 |
| Train | Tot: 0.05790 | Imit: 0.02586 | Ener: 0.30298 | Goal: 0.00035 |
| Valid | Tot: 0.07509 | Imit: 0.02403 | Ener: 0.37271 | Goal: 0.00276 |
✅ Riem. Gap: 0.00183
🟡 Euclid Gap: 0.22025
🚩 DASHBOARD: Weights (Imit: 1.0000e+00, Goal: 5.0000e+00, Ener: 1.00e-01) | Density: 0.00 (1.32x base)
--------------------------------------------------------------------------------------------------------------------------------------------
Epoch 1600 |
| Train | Tot: 0.05758 | Imit: 0.02559 | Ener: 0.30188 | Goal: 0.00036 |
| Valid | Tot: 0.07519 | Imit: 0.02395 | Ener: 0.37202 | Goal: 0.00281 |
✅ Riem. Gap: 0.00164
🟡 Euclid Gap: 0.26921
🚩 DASHBOARD: Weights (Imit: 1.0000e+00, Goal: 5.0000e+00, Ener: 1.00e-01) | Density: 0.00 (1.32x base)
--------------------------------------------------------------------------------------------------------------------------------------------
Epoch 1650 |
| Train | Tot: 0.05794 | Imit: 0.02592 | Ener: 0.30164 | Goal: 0.00037 |
| Valid | Tot: 0.07521 | Imit: 0.02390 | Ener: 0.37216 | Goal: 0.00282 |
✅ Riem. Gap: 0.00202
🟡 Euclid Gap: 0.19638
🚩 DASHBOARD: Weights (Imit: 1.0000e+00, Goal: 5.0000e+00, Ener: 1.00e-01) | Density: 0.00 (1.32x base)
--------------------------------------------------------------------------------------------------------------------------------------------
Epoch 1700 |
| Train | Tot: 0.05709 | Imit: 0.02536 | Ener: 0.30242 | Goal: 0.00030 |
| Valid | Tot: 0.07743 | Imit: 0.02385 | Ener: 0.36872 | Goal: 0.00334 |
✅ Riem. Gap: 0.00151
🟡 Euclid Gap: 0.29203
🚩 DASHBOARD: Weights (Imit: 1.0000e+00, Goal: 5.0000e+00, Ener: 1.00e-01) | Density: 0.00 (1.33x base)
--------------------------------------------------------------------------------------------------------------------------------------------
Epoch 1750 |
| Train | Tot: 0.05702 | Imit: 0.02506 | Ener: 0.30444 | Goal: 0.00030 |
| Valid | Tot: 0.07884 | Imit: 0.02377 | Ener: 0.36735 | Goal: 0.00367 |
✅ Riem. Gap: 0.00130
⚠️ Euclid Gap: 0.31405
🚩 DASHBOARD: Weights (Imit: 1.0000e+00, Goal: 5.0000e+00, Ener: 1.00e-01) | Density: 0.00 (1.32x base)
--------------------------------------------------------------------------------------------------------------------------------------------
Epoch 1800 |
| Train | Tot: 0.05654 | Imit: 0.02523 | Ener: 0.29903 | Goal: 0.00028 |
| Valid | Tot: 0.07722 | Imit: 0.02373 | Ener: 0.37021 | Goal: 0.00329 |
✅ Riem. Gap: 0.00150
🟡 Euclid Gap: 0.28706
🚩 DASHBOARD: Weights (Imit: 1.0000e+00, Goal: 5.0000e+00, Ener: 1.00e-01) | Density: 0.00 (1.32x base)
--------------------------------------------------------------------------------------------------------------------------------------------
Epoch 1850 |
| Train | Tot: 0.05671 | Imit: 0.02473 | Ener: 0.30193 | Goal: 0.00036 |
| Valid | Tot: 0.07598 | Imit: 0.02382 | Ener: 0.37068 | Goal: 0.00302 |
✅ Riem. Gap: 0.00091
⚠️ Euclid Gap: 0.31191
🚩 DASHBOARD: Weights (Imit: 1.0000e+00, Goal: 5.0000e+00, Ener: 1.00e-01) | Density: 0.00 (1.32x base)
--------------------------------------------------------------------------------------------------------------------------------------------
Epoch 1900 |
| Train | Tot: 0.05658 | Imit: 0.02477 | Ener: 0.30209 | Goal: 0.00032 |
| Valid | Tot: 0.07577 | Imit: 0.02384 | Ener: 0.37099 | Goal: 0.00297 |
✅ Riem. Gap: 0.00093
⚠️ Euclid Gap: 0.32228
🚩 DASHBOARD: Weights (Imit: 1.0000e+00, Goal: 5.0000e+00, Ener: 1.00e-01) | Density: 0.00 (1.31x base)
--------------------------------------------------------------------------------------------------------------------------------------------
Epoch 1950 |
| Train | Tot: 0.05521 | Imit: 0.02426 | Ener: 0.29371 | Goal: 0.00032 |
| Valid | Tot: 0.07692 | Imit: 0.02370 | Ener: 0.36904 | Goal: 0.00326 |
✅ Riem. Gap: 0.00056
⚠️ Euclid Gap: 0.42275
🚩 DASHBOARD: Weights (Imit: 1.0000e+00, Goal: 5.0000e+00, Ener: 1.00e-01) | Density: 0.00 (1.31x base)
--------------------------------------------------------------------------------------------------------------------------------------------
Epoch 2000 |
| Train | Tot: 0.05652 | Imit: 0.02440 | Ener: 0.30011 | Goal: 0.00042 |
| Valid | Tot: 0.07730 | Imit: 0.02414 | Ener: 0.37160 | Goal: 0.00320 |
✅ Riem. Gap: 0.00026
⚠️ Euclid Gap: 0.36761
🚩 DASHBOARD: Weights (Imit: 1.0000e+00, Goal: 5.0000e+00, Ener: 1.00e-01) | Density: 0.00 (1.31x base)
--------------------------------------------------------------------------------------------------------------------------------------------
Training Complete in 28.40 minutes.
✅ Model saved dynamically to ./models/node/lasa/NODE_lasa_Angle-Shape_RiemannianMSE_EGI_energy_imitation.pth
📊 Training plot saved as SVG to: ./node/training/training_curves/NODE_lasa_Angle-Shape_RiemannianMSE_EGI_energy_imitation_Training-Curves.svg
Bye bye!
