Hello world!

--- Completing Configuration ---
Starting run for Dataset: LASA | Shape: P
Loading VAE from: ./models/vae/lasa/VAE_P-Shape.pt

📝 Log file generated! Saving all output to: ./node/training/training_logs/NODE_lasa_P-Shape_RiemannianMSE_EGI_energy_imitation_Log_20261008_115955.txt


--- Initializing Models ---
Length Trajectory: 1000
Length Trajectories: 14
Trajectories euclidian dimension: 7
Trajectory 0: [-0.60905322 -1.          0.          0.96460774 -0.17043398 -0.20120678
  0.        ]
Trajectory: [-0.60905322 -1.          0.         -0.96460774  0.17043398  0.20120678
 -0.        ]
Trajectory: [-0.70443466 -0.94277114  0.          0.96303179 -0.19400167 -0.18690405
  0.        ]
Trajectory: [-0.70443466 -0.94277114  0.         -0.96303179  0.19400167  0.18690405
 -0.        ]
Trajectory: [-0.76166352 -0.97138557  0.          0.95877584 -0.20789628 -0.19372153
  0.        ]
Trajectory: [-0.76166352 -0.97138557  0.         -0.95877584  0.20789628  0.19372153
 -0.        ]
Trajectory 6: [-0.7998161  -0.9141567   0.          0.95942105 -0.21739377 -0.17958616
  0.        ]
Trajectory 7: [-0.7998161  -0.9141567   0.         -0.95942105  0.21739377  0.17958616
 -0.        ]
Trajectory: [-0.66628208 -0.89508041  0.          0.96701581 -0.18478748 -0.1753112
  0.        ]
Trajectory: [-0.66628208 -0.89508041  0.         -0.96701581  0.18478748  0.1753112
 -0.        ]
Trajectory: [-0.86658311 -0.85692784  0.          0.95811662 -0.23383091 -0.16533499
  0.        ]
Total # of Trajectories: 14
RBF beta = 0.1353 (from checkpoint)
✅ Successfully loaded VAE from ./models/vae/lasa/VAE_P-Shape.pt
VAE Model initialized with DOF=7
NODE Model initialized with latent_dim=2 and hidden_dim=512

--- Preparing Datasets ---
Dataset already exists at ./node/data/P-Shape_processed. Skipping preprocessing.
✅ Dataset Loaded from ./node/data/P-Shape_processed | Train: 540 | Val: 60 | Test: 100
✅ Successfully loaded dataset baselines from JSON.
⚙️  Using Safe Baseline: 0.35 (Auto-Calculated)
⚙️  Using Energy Scale:  5.29e-04 (Auto-Calculated)

🚀 Launching NODE Training...

============================================================================================================================================
Starting Training: NODE_lasa_P-Shape_RiemannianMSE_EGI_energy_imitation on CUDA
Epochs: 2000 | Initial LR: 0.0001 | LR Drop at: 1600
============================================================================================================================================

Epoch 1 |
| Train | Tot: 91.39280 | Imit: 91.39280 | Ener: 0.00000 | Goal: 18.27970 |
| Valid | Tot: 79.90555 | Imit: 79.90555 | Ener: 0.01132 | Goal: 1.56735 |
⚠️ Riem. Gap: 11.48725
⚠️ Euclid Gap: 5.88968
🚩 DASHBOARD: Weights (Imit: 1.0000e+00, Goal: 0.0000e+00, Ener: 0.00e+00) | Density: 0.00 (0.00x base)
--------------------------------------------------------------------------------------------------------------------------------------------
Epoch 50 |
| Train | Tot: 0.49076 | Imit: 0.49076 | Ener: 0.00000 | Goal: 0.52011 |
| Valid | Tot: 0.69875 | Imit: 0.69875 | Ener: 0.07763 | Goal: 0.35140 |
⚠️ Riem. Gap: 0.20799
⚠️ Euclid Gap: 0.32459
🚩 DASHBOARD: Weights (Imit: 1.0000e+00, Goal: 0.0000e+00, Ener: 0.00e+00) | Density: 0.00 (0.00x base)
--------------------------------------------------------------------------------------------------------------------------------------------
Epoch 100 |
| Train | Tot: 0.13509 | Imit: 0.13509 | Ener: 0.00000 | Goal: 0.20208 |
| Valid | Tot: 0.11790 | Imit: 0.11790 | Ener: 0.06405 | Goal: 0.21058 |
🟡 Riem. Gap: 0.01719
⚠️ Euclid Gap: 1.19478
🚩 DASHBOARD: Weights (Imit: 1.0000e+00, Goal: 0.0000e+00, Ener: 0.00e+00) | Density: 0.00 (0.00x base)
--------------------------------------------------------------------------------------------------------------------------------------------
Epoch 150 |
| Train | Tot: 0.10862 | Imit: 0.10862 | Ener: 0.00000 | Goal: 0.16134 |
| Valid | Tot: 0.16309 | Imit: 0.16309 | Ener: 0.05965 | Goal: 0.17790 |
⚠️ Riem. Gap: 0.05448
⚠️ Euclid Gap: 1.14262
🚩 DASHBOARD: Weights (Imit: 1.0000e+00, Goal: 0.0000e+00, Ener: 0.00e+00) | Density: 0.00 (0.00x base)
--------------------------------------------------------------------------------------------------------------------------------------------
Epoch 200 |
| Train | Tot: 0.09060 | Imit: 0.09060 | Ener: 0.00000 | Goal: 0.16451 |
| Valid | Tot: 0.19218 | Imit: 0.19218 | Ener: 0.09519 | Goal: 0.16292 |
⚠️ Riem. Gap: 0.10158
⚠️ Euclid Gap: 1.37033
🚩 DASHBOARD: Weights (Imit: 1.0000e+00, Goal: 0.0000e+00, Ener: 0.00e+00) | Density: 0.00 (0.00x base)
--------------------------------------------------------------------------------------------------------------------------------------------
Epoch 250 |
| Train | Tot: 0.06594 | Imit: 0.06594 | Ener: 0.00000 | Goal: 0.14918 |
| Valid | Tot: 0.10886 | Imit: 0.10886 | Ener: 0.12901 | Goal: 0.16675 |
🟡 Riem. Gap: 0.04292
⚠️ Euclid Gap: 1.07721
🚩 DASHBOARD: Weights (Imit: 1.0000e+00, Goal: 0.0000e+00, Ener: 0.00e+00) | Density: 0.00 (0.00x base)
--------------------------------------------------------------------------------------------------------------------------------------------
Epoch 300 |
| Train | Tot: 0.07568 | Imit: 0.07568 | Ener: 0.00000 | Goal: 0.13845 |
| Valid | Tot: 0.15896 | Imit: 0.15896 | Ener: 0.11234 | Goal: 0.16377 |
⚠️ Riem. Gap: 0.08327
⚠️ Euclid Gap: 1.50068
🚩 DASHBOARD: Weights (Imit: 1.0000e+00, Goal: 0.0000e+00, Ener: 0.00e+00) | Density: 0.00 (0.00x base)
--------------------------------------------------------------------------------------------------------------------------------------------
Epoch 350 |
| Train | Tot: 0.06651 | Imit: 0.06651 | Ener: 0.00000 | Goal: 0.13781 |
| Valid | Tot: 0.09626 | Imit: 0.09626 | Ener: 0.10226 | Goal: 0.15958 |
🟡 Riem. Gap: 0.02975
⚠️ Euclid Gap: 1.26085
🚩 DASHBOARD: Weights (Imit: 1.0000e+00, Goal: 0.0000e+00, Ener: 0.00e+00) | Density: 0.00 (0.00x base)
--------------------------------------------------------------------------------------------------------------------------------------------
Epoch 400 |
| Train | Tot: 0.06414 | Imit: 0.06414 | Ener: 0.00000 | Goal: 0.13966 |
| Valid | Tot: 0.07581 | Imit: 0.07581 | Ener: 0.12636 | Goal: 0.15585 |
🟡 Riem. Gap: 0.01168
⚠️ Euclid Gap: 1.43545
🚩 DASHBOARD: Weights (Imit: 1.0000e+00, Goal: 0.0000e+00, Ener: 0.00e+00) | Density: 0.00 (0.00x base)
--------------------------------------------------------------------------------------------------------------------------------------------
Epoch 450 |
| Train | Tot: 0.07345 | Imit: 0.07345 | Ener: 0.00000 | Goal: 0.12724 |
| Valid | Tot: 0.08448 | Imit: 0.08448 | Ener: 0.11759 | Goal: 0.14290 |
🟡 Riem. Gap: 0.01103
⚠️ Euclid Gap: 1.69411
🚩 DASHBOARD: Weights (Imit: 1.0000e+00, Goal: 0.0000e+00, Ener: 0.00e+00) | Density: 0.00 (0.00x base)
--------------------------------------------------------------------------------------------------------------------------------------------
Epoch 500 |
| Train | Tot: 0.05854 | Imit: 0.05854 | Ener: 0.00000 | Goal: 0.12967 |
| Valid | Tot: 0.08354 | Imit: 0.08354 | Ener: 0.07840 | Goal: 0.14032 |
🟡 Riem. Gap: 0.02500
⚠️ Euclid Gap: 1.14124
🚩 DASHBOARD: Weights (Imit: 1.0000e+00, Goal: 0.0000e+00, Ener: 0.00e+00) | Density: 0.00 (0.00x base)
--------------------------------------------------------------------------------------------------------------------------------------------
Epoch 550 |
| Train | Tot: 0.24585 | Imit: 0.13749 | Ener: 0.13118 | Goal: 0.02154 |
| Valid | Tot: 0.32047 | Imit: 0.18789 | Ener: 0.14652 | Goal: 0.02637 |
⚠️ Riem. Gap: 0.05040
⚠️ Euclid Gap: 1.17846
🚩 DASHBOARD: Weights (Imit: 1.0000e+00, Goal: 5.0000e+00, Ener: 4.90e-03) | Density: 7.26 (20.85x base)
--------------------------------------------------------------------------------------------------------------------------------------------
Epoch 600 |
| Train | Tot: 0.23630 | Imit: 0.14053 | Ener: 0.11160 | Goal: 0.01893 |
| Valid | Tot: 0.31561 | Imit: 0.16308 | Ener: 0.13759 | Goal: 0.03023 |
🟡 Riem. Gap: 0.02255
⚠️ Euclid Gap: 0.51421
🚩 DASHBOARD: Weights (Imit: 1.0000e+00, Goal: 5.0000e+00, Ener: 9.90e-03) | Density: 11.35 (32.58x base)
--------------------------------------------------------------------------------------------------------------------------------------------
Epoch 650 |
| Train | Tot: 0.18681 | Imit: 0.12105 | Ener: 0.11418 | Goal: 0.01281 |
| Valid | Tot: 0.20416 | Imit: 0.12148 | Ener: 0.11549 | Goal: 0.01619 |
✅ Riem. Gap: 0.00043
⚠️ Euclid Gap: 1.30937
🚩 DASHBOARD: Weights (Imit: 1.0000e+00, Goal: 5.0000e+00, Ener: 1.49e-02) | Density: 6.64 (19.06x base)
--------------------------------------------------------------------------------------------------------------------------------------------
Epoch 700 |
| Train | Tot: 0.18741 | Imit: 0.13609 | Ener: 0.10263 | Goal: 0.00986 |
| Valid | Tot: 0.22029 | Imit: 0.13383 | Ener: 0.13129 | Goal: 0.01677 |
✅ Riem. Gap: 0.00226
⚠️ Euclid Gap: 0.32554
🚩 DASHBOARD: Weights (Imit: 1.0000e+00, Goal: 5.0000e+00, Ener: 1.99e-02) | Density: 12.23 (35.12x base)
--------------------------------------------------------------------------------------------------------------------------------------------
Epoch 750 |
| Train | Tot: 0.19300 | Imit: 0.14164 | Ener: 0.10536 | Goal: 0.00975 |
| Valid | Tot: 0.23312 | Imit: 0.17867 | Ener: 0.11398 | Goal: 0.01032 |
🟡 Riem. Gap: 0.03703
⚠️ Euclid Gap: 1.02093
🚩 DASHBOARD: Weights (Imit: 1.0000e+00, Goal: 5.0000e+00, Ener: 2.49e-02) | Density: 7.46 (21.42x base)
--------------------------------------------------------------------------------------------------------------------------------------------
Epoch 800 |
| Train | Tot: 0.15044 | Imit: 0.10104 | Ener: 0.10198 | Goal: 0.00927 |
| Valid | Tot: 0.17172 | Imit: 0.10470 | Ener: 0.11495 | Goal: 0.01272 |
✅ Riem. Gap: 0.00366
⚠️ Euclid Gap: 1.15118
🚩 DASHBOARD: Weights (Imit: 1.0000e+00, Goal: 5.0000e+00, Ener: 2.99e-02) | Density: 14.15 (40.64x base)
--------------------------------------------------------------------------------------------------------------------------------------------
Epoch 850 |
| Train | Tot: 0.14751 | Imit: 0.10345 | Ener: 0.09969 | Goal: 0.00812 |
| Valid | Tot: 0.16862 | Imit: 0.10713 | Ener: 0.10856 | Goal: 0.01154 |
✅ Riem. Gap: 0.00368
⚠️ Euclid Gap: 0.94025
🚩 DASHBOARD: Weights (Imit: 1.0000e+00, Goal: 5.0000e+00, Ener: 3.49e-02) | Density: 6.74 (19.36x base)
--------------------------------------------------------------------------------------------------------------------------------------------
Epoch 900 |
| Train | Tot: 0.21139 | Imit: 0.15138 | Ener: 0.09648 | Goal: 0.01123 |
| Valid | Tot: 0.17006 | Imit: 0.09544 | Ener: 0.10889 | Goal: 0.01406 |
⚠️ Riem. Gap: 0.05594
🟡 Euclid Gap: 0.17510
🚩 DASHBOARD: Weights (Imit: 1.0000e+00, Goal: 5.0000e+00, Ener: 3.99e-02) | Density: 15.01 (43.09x base)
--------------------------------------------------------------------------------------------------------------------------------------------
Epoch 950 |
| Train | Tot: 0.19072 | Imit: 0.14735 | Ener: 0.09844 | Goal: 0.00779 |
| Valid | Tot: 0.17226 | Imit: 0.09970 | Ener: 0.10831 | Goal: 0.01354 |
🟡 Riem. Gap: 0.04764
⚠️ Euclid Gap: 0.70393
🚩 DASHBOARD: Weights (Imit: 1.0000e+00, Goal: 5.0000e+00, Ener: 4.49e-02) | Density: 11.14 (32.00x base)
--------------------------------------------------------------------------------------------------------------------------------------------
Epoch 1000 |
| Train | Tot: 0.19916 | Imit: 0.15130 | Ener: 0.09706 | Goal: 0.00860 |
| Valid | Tot: 0.15908 | Imit: 0.10615 | Ener: 0.10654 | Goal: 0.00952 |
🟡 Riem. Gap: 0.04514
⚠️ Euclid Gap: 1.15672
🚩 DASHBOARD: Weights (Imit: 1.0000e+00, Goal: 5.0000e+00, Ener: 4.99e-02) | Density: 7.53 (21.63x base)
--------------------------------------------------------------------------------------------------------------------------------------------
Epoch 1050 |
| Train | Tot: 0.18279 | Imit: 0.13972 | Ener: 0.09317 | Goal: 0.00759 |
| Valid | Tot: 0.15492 | Imit: 0.10984 | Ener: 0.09170 | Goal: 0.00801 |
🟡 Riem. Gap: 0.02988
⚠️ Euclid Gap: 1.67095
🚩 DASHBOARD: Weights (Imit: 1.0000e+00, Goal: 5.0000e+00, Ener: 5.49e-02) | Density: 4.50 (12.92x base)
--------------------------------------------------------------------------------------------------------------------------------------------
Epoch 1100 |
| Train | Tot: 0.13362 | Imit: 0.08899 | Ener: 0.08750 | Goal: 0.00788 |
| Valid | Tot: 0.16452 | Imit: 0.09815 | Ener: 0.10618 | Goal: 0.01200 |
✅ Riem. Gap: 0.00916
⚠️ Euclid Gap: 0.57104
🚩 DASHBOARD: Weights (Imit: 1.0000e+00, Goal: 5.0000e+00, Ener: 5.99e-02) | Density: 14.40 (41.34x base)
--------------------------------------------------------------------------------------------------------------------------------------------
Epoch 1150 |
| Train | Tot: 0.17108 | Imit: 0.13124 | Ener: 0.08879 | Goal: 0.00682 |
| Valid | Tot: 0.14571 | Imit: 0.09488 | Ener: 0.10557 | Goal: 0.00880 |
🟡 Riem. Gap: 0.03636
⚠️ Euclid Gap: 1.04091
🚩 DASHBOARD: Weights (Imit: 1.0000e+00, Goal: 5.0000e+00, Ener: 6.49e-02) | Density: 10.33 (29.65x base)
--------------------------------------------------------------------------------------------------------------------------------------------
Epoch 1200 |
| Train | Tot: 0.17876 | Imit: 0.12449 | Ener: 0.08154 | Goal: 0.00972 |
| Valid | Tot: 0.16296 | Imit: 0.10450 | Ener: 0.09273 | Goal: 0.01039 |
🟡 Riem. Gap: 0.01998
⚠️ Euclid Gap: 0.79280
🚩 DASHBOARD: Weights (Imit: 1.0000e+00, Goal: 5.0000e+00, Ener: 6.99e-02) | Density: 11.41 (32.76x base)
--------------------------------------------------------------------------------------------------------------------------------------------
Epoch 1250 |
| Train | Tot: 0.19914 | Imit: 0.15676 | Ener: 0.07021 | Goal: 0.00742 |
| Valid | Tot: 0.15715 | Imit: 0.09132 | Ener: 0.08241 | Goal: 0.01193 |
⚠️ Riem. Gap: 0.06544
⚠️ Euclid Gap: 0.94919
🚩 DASHBOARD: Weights (Imit: 1.0000e+00, Goal: 5.0000e+00, Ener: 7.49e-02) | Density: 20.71 (59.48x base)
--------------------------------------------------------------------------------------------------------------------------------------------
Epoch 1300 |
| Train | Tot: 0.14143 | Imit: 0.09537 | Ener: 0.08072 | Goal: 0.00792 |
| Valid | Tot: 0.19729 | Imit: 0.10009 | Ener: 0.10141 | Goal: 0.01782 |
✅ Riem. Gap: 0.00472
⚠️ Euclid Gap: 0.45641
🚩 DASHBOARD: Weights (Imit: 1.0000e+00, Goal: 5.0000e+00, Ener: 7.99e-02) | Density: 14.21 (40.80x base)
--------------------------------------------------------------------------------------------------------------------------------------------
Epoch 1350 |
| Train | Tot: 0.13133 | Imit: 0.09287 | Ener: 0.07241 | Goal: 0.00646 |
| Valid | Tot: 0.15021 | Imit: 0.10255 | Ener: 0.07232 | Goal: 0.00831 |
✅ Riem. Gap: 0.00968
⚠️ Euclid Gap: 1.14842
🚩 DASHBOARD: Weights (Imit: 1.0000e+00, Goal: 5.0000e+00, Ener: 8.49e-02) | Density: 12.37 (35.51x base)
--------------------------------------------------------------------------------------------------------------------------------------------
Epoch 1400 |
| Train | Tot: 0.12727 | Imit: 0.09059 | Ener: 0.06588 | Goal: 0.00615 |
| Valid | Tot: 0.19842 | Imit: 0.15760 | Ener: 0.05418 | Goal: 0.00719 |
⚠️ Riem. Gap: 0.06701
⚠️ Euclid Gap: 1.73612
🚩 DASHBOARD: Weights (Imit: 1.0000e+00, Goal: 5.0000e+00, Ener: 8.99e-02) | Density: 1.74 (4.99x base)
--------------------------------------------------------------------------------------------------------------------------------------------
Epoch 1450 |
| Train | Tot: 0.12414 | Imit: 0.09032 | Ener: 0.05282 | Goal: 0.00576 |
| Valid | Tot: 0.15213 | Imit: 0.09762 | Ener: 0.07910 | Goal: 0.00940 |
✅ Riem. Gap: 0.00730
⚠️ Euclid Gap: 0.76960
🚩 DASHBOARD: Weights (Imit: 1.0000e+00, Goal: 5.0000e+00, Ener: 9.49e-02) | Density: 19.61 (56.30x base)
--------------------------------------------------------------------------------------------------------------------------------------------
Epoch 1500 |
| Train | Tot: 0.29250 | Imit: 0.24660 | Ener: 0.05428 | Goal: 0.00809 |
| Valid | Tot: 0.19886 | Imit: 0.13935 | Ener: 0.07415 | Goal: 0.01042 |
⚠️ Riem. Gap: 0.10726
⚠️ Euclid Gap: 0.93021
🚩 DASHBOARD: Weights (Imit: 1.0000e+00, Goal: 5.0000e+00, Ener: 9.99e-02) | Density: 12.44 (35.73x base)
--------------------------------------------------------------------------------------------------------------------------------------------
Epoch 1550 |
| Train | Tot: 0.13240 | Imit: 0.09009 | Ener: 0.05629 | Goal: 0.00734 |
| Valid | Tot: 0.18653 | Imit: 0.11095 | Ener: 0.05997 | Goal: 0.01392 |
🟡 Riem. Gap: 0.02086
⚠️ Euclid Gap: 1.05243
🚩 DASHBOARD: Weights (Imit: 1.0000e+00, Goal: 5.0000e+00, Ener: 1.00e-01) | Density: 4.63 (13.29x base)
--------------------------------------------------------------------------------------------------------------------------------------------
Epoch 1600 |
| Train | Tot: 1.55889 | Imit: 1.50872 | Ener: 0.06088 | Goal: 0.00882 |
| Valid | Tot: 0.21011 | Imit: 0.12250 | Ener: 0.07497 | Goal: 0.01602 |
⚠️ Riem. Gap: 1.38622
⚠️ Euclid Gap: 0.86854
🚩 DASHBOARD: Weights (Imit: 1.0000e+00, Goal: 5.0000e+00, Ener: 1.00e-01) | Density: 21.06 (60.48x base)
--------------------------------------------------------------------------------------------------------------------------------------------
📉 Epoch 1600: Learning Rate dropped to 1e-05
Epoch 1650 |
| Train | Tot: 1.34945 | Imit: 1.30902 | Ener: 0.05277 | Goal: 0.00703 |
| Valid | Tot: 0.17431 | Imit: 0.10398 | Ener: 0.06313 | Goal: 0.01280 |
⚠️ Riem. Gap: 1.20504
⚠️ Euclid Gap: 0.68978
🚩 DASHBOARD: Weights (Imit: 1.0000e+00, Goal: 5.0000e+00, Ener: 1.00e-01) | Density: 15.69 (45.05x base)
--------------------------------------------------------------------------------------------------------------------------------------------
Epoch 1700 |
| Train | Tot: 1.25343 | Imit: 1.21571 | Ener: 0.05208 | Goal: 0.00650 |
| Valid | Tot: 0.17941 | Imit: 0.11367 | Ener: 0.06237 | Goal: 0.01190 |
⚠️ Riem. Gap: 1.10203
⚠️ Euclid Gap: 0.70707
🚩 DASHBOARD: Weights (Imit: 1.0000e+00, Goal: 5.0000e+00, Ener: 1.00e-01) | Density: 10.90 (31.29x base)
--------------------------------------------------------------------------------------------------------------------------------------------
Epoch 1750 |
| Train | Tot: 1.17619 | Imit: 1.13736 | Ener: 0.05226 | Goal: 0.00672 |
| Valid | Tot: 0.23018 | Imit: 0.15101 | Ener: 0.06021 | Goal: 0.01463 |
⚠️ Riem. Gap: 0.98634
⚠️ Euclid Gap: 1.31471
🚩 DASHBOARD: Weights (Imit: 1.0000e+00, Goal: 5.0000e+00, Ener: 1.00e-01) | Density: 14.87 (42.70x base)
--------------------------------------------------------------------------------------------------------------------------------------------
Epoch 1800 |
| Train | Tot: 1.09497 | Imit: 1.05560 | Ener: 0.05513 | Goal: 0.00677 |
| Valid | Tot: 0.28474 | Imit: 0.19900 | Ener: 0.06628 | Goal: 0.01582 |
⚠️ Riem. Gap: 0.85660
⚠️ Euclid Gap: 1.21787
🚩 DASHBOARD: Weights (Imit: 1.0000e+00, Goal: 5.0000e+00, Ener: 1.00e-01) | Density: 15.97 (45.86x base)
--------------------------------------------------------------------------------------------------------------------------------------------
Epoch 1850 |
| Train | Tot: 1.05642 | Imit: 1.01710 | Ener: 0.05414 | Goal: 0.00678 |
| Valid | Tot: 0.29471 | Imit: 0.20798 | Ener: 0.06502 | Goal: 0.01605 |
⚠️ Riem. Gap: 0.80913
⚠️ Euclid Gap: 1.48191
🚩 DASHBOARD: Weights (Imit: 1.0000e+00, Goal: 5.0000e+00, Ener: 1.00e-01) | Density: 9.33 (26.78x base)
--------------------------------------------------------------------------------------------------------------------------------------------
Epoch 1900 |
| Train | Tot: 0.98405 | Imit: 0.94347 | Ener: 0.05516 | Goal: 0.00701 |
| Valid | Tot: 0.22586 | Imit: 0.14779 | Ener: 0.06374 | Goal: 0.01434 |
⚠️ Riem. Gap: 0.79569
⚠️ Euclid Gap: 1.47779
🚩 DASHBOARD: Weights (Imit: 1.0000e+00, Goal: 5.0000e+00, Ener: 1.00e-01) | Density: 11.03 (31.68x base)
--------------------------------------------------------------------------------------------------------------------------------------------
Epoch 1950 |
| Train | Tot: 0.92523 | Imit: 0.88512 | Ener: 0.05686 | Goal: 0.00689 |
| Valid | Tot: 0.21455 | Imit: 0.13254 | Ener: 0.06750 | Goal: 0.01505 |
⚠️ Riem. Gap: 0.75258
⚠️ Euclid Gap: 1.44149
🚩 DASHBOARD: Weights (Imit: 1.0000e+00, Goal: 5.0000e+00, Ener: 1.00e-01) | Density: 17.58 (50.48x base)
--------------------------------------------------------------------------------------------------------------------------------------------
Epoch 2000 |
| Train | Tot: 0.88234 | Imit: 0.84254 | Ener: 0.05411 | Goal: 0.00688 |
| Valid | Tot: 0.22685 | Imit: 0.14305 | Ener: 0.06214 | Goal: 0.01552 |
⚠️ Riem. Gap: 0.69949
⚠️ Euclid Gap: 1.60538
🚩 DASHBOARD: Weights (Imit: 1.0000e+00, Goal: 5.0000e+00, Ener: 1.00e-01) | Density: 10.56 (30.31x base)
--------------------------------------------------------------------------------------------------------------------------------------------
Training Complete in 49.89 minutes.
✅ Model saved dynamically to ./models/node/lasa/NODE_lasa_P-Shape_RiemannianMSE_EGI_energy_imitation.pth
📊 Training plot saved as SVG to: ./node/training/training_curves/NODE_lasa_P-Shape_RiemannianMSE_EGI_energy_imitation_Training-Curves.svg
Bye bye!
