Hello world!

--- Completing Configuration ---
Starting run for Dataset: LASA | Shape: Angle
Loading VAE from: ./models/vae/lasa/VAE_Angle-Shape.pt

📝 Log file generated! Saving all output to: ./node/training/training_logs/NODE_lasa_Angle-Shape_RiemannianMSE_EGI_imitation_only_Log_20261008_011024.txt


--- Initializing Models ---
Length Trajectory: 1000
Length Trajectories: 14
Trajectories euclidian dimension: 7
Trajectory 0: [-0.78873239 -0.91427546  0.          0.90516469 -0.4239977  -0.03004708
  0.        ]
Trajectory: [-0.78873239 -0.91427546  0.         -0.90516469  0.4239977   0.03004708
 -0.        ]
Trajectory: [-0.84507042 -0.90019095  0.          0.89932816 -0.43646125 -0.02665412
  0.        ]
Trajectory: [-0.84507042 -0.90019095  0.         -0.89932816  0.43646125  0.02665412
 -0.        ]
Trajectory: [-0.77464789 -0.77343039  0.          0.90708213 -0.42094043  0.0033408
  0.        ]
Trajectory: [-0.77464789 -0.77343039  0.         -0.90708213  0.42094043 -0.0033408
 -0.        ]
Trajectory 6: [-0.81690141 -0.91427546  0.          0.90221906 -0.43023225 -0.0300162
  0.        ]
Trajectory 7: [-0.81690141 -0.91427546  0.         -0.90221906  0.43023225  0.0300162
 -0.        ]
Trajectory: [-0.94366197 -0.70300785  0.          0.8886921  -0.45807172  0.01991616
  0.        ]
Trajectory: [-0.94366197 -0.70300785  0.         -0.8886921   0.45807172 -0.01991616
 -0.        ]
Trajectory: [-0.91549296 -0.75934588  0.          0.8920134  -0.45196009  0.00664647
  0.        ]
Total # of Trajectories: 14
RBF beta = 0.1355 (from checkpoint)
✅ Successfully loaded VAE from ./models/vae/lasa/VAE_Angle-Shape.pt
VAE Model initialized with DOF=7
NODE Model initialized with latent_dim=2 and hidden_dim=512

--- Preparing Datasets ---
Dataset already exists at ./node/data/Angle-Shape_processed. Skipping preprocessing.
✅ Dataset Loaded from ./node/data/Angle-Shape_processed | Train: 540 | Val: 60 | Test: 100
✅ Successfully loaded dataset baselines from JSON.
⚙️  Using Safe Baseline: 0.00 (Auto-Calculated)
⚙️  Using Energy Scale:  5.47e-02 (Auto-Calculated)

🚀 Launching NODE Training...

============================================================================================================================================
Starting Training: NODE_lasa_Angle-Shape_RiemannianMSE_EGI_imitation_only on CUDA
Epochs: 1000 | Initial LR: 0.0001 | LR Drop at: 400
============================================================================================================================================

Epoch 1 |
| Train | Tot: 3.19607 | Imit: 0.53329 | Ener: 0.00000 | Goal: 0.53256 |
| Valid | Tot: 2.22093 | Imit: 0.52729 | Ener: 0.00332 | Goal: 0.33873 |
✅ Riem. Gap: 0.00600
⚠️ Euclid Gap: 3.02504
🚩 DASHBOARD: Weights (Imit: 1.0000e+00, Goal: 5.0000e+00, Ener: 0.00e+00) | Density: 0.00 (0.00x base)
--------------------------------------------------------------------------------------------------------------------------------------------
Epoch 50 |
| Train | Tot: 0.06306 | Imit: 0.05377 | Ener: 0.00000 | Goal: 0.00186 |
| Valid | Tot: 0.07145 | Imit: 0.05115 | Ener: 0.93018 | Goal: 0.00406 |
✅ Riem. Gap: 0.00262
🟡 Euclid Gap: 0.26044
🚩 DASHBOARD: Weights (Imit: 1.0000e+00, Goal: 5.0000e+00, Ener: 0.00e+00) | Density: 0.00 (0.00x base)
--------------------------------------------------------------------------------------------------------------------------------------------
Epoch 100 |
| Train | Tot: 0.05345 | Imit: 0.04804 | Ener: 0.00000 | Goal: 0.00108 |
| Valid | Tot: 0.05637 | Imit: 0.04709 | Ener: 0.58573 | Goal: 0.00186 |
✅ Riem. Gap: 0.00095
⚠️ Euclid Gap: 0.59106
🚩 DASHBOARD: Weights (Imit: 1.0000e+00, Goal: 5.0000e+00, Ener: 0.00e+00) | Density: 0.00 (0.00x base)
--------------------------------------------------------------------------------------------------------------------------------------------
Epoch 150 |
| Train | Tot: 0.04849 | Imit: 0.04430 | Ener: 0.00000 | Goal: 0.00084 |
| Valid | Tot: 0.04848 | Imit: 0.04426 | Ener: 0.55658 | Goal: 0.00084 |
✅ Riem. Gap: 0.00003
⚠️ Euclid Gap: 0.70462
🚩 DASHBOARD: Weights (Imit: 1.0000e+00, Goal: 5.0000e+00, Ener: 0.00e+00) | Density: 0.00 (0.00x base)
--------------------------------------------------------------------------------------------------------------------------------------------
Epoch 200 |
| Train | Tot: 0.04469 | Imit: 0.04146 | Ener: 0.00000 | Goal: 0.00065 |
| Valid | Tot: 0.04543 | Imit: 0.04052 | Ener: 0.52666 | Goal: 0.00098 |
✅ Riem. Gap: 0.00095
⚠️ Euclid Gap: 0.56862
🚩 DASHBOARD: Weights (Imit: 1.0000e+00, Goal: 5.0000e+00, Ener: 0.00e+00) | Density: 0.00 (0.00x base)
--------------------------------------------------------------------------------------------------------------------------------------------
Epoch 250 |
| Train | Tot: 0.04296 | Imit: 0.03998 | Ener: 0.00000 | Goal: 0.00060 |
| Valid | Tot: 0.04322 | Imit: 0.03893 | Ener: 0.51834 | Goal: 0.00086 |
✅ Riem. Gap: 0.00105
⚠️ Euclid Gap: 0.56879
🚩 DASHBOARD: Weights (Imit: 1.0000e+00, Goal: 5.0000e+00, Ener: 0.00e+00) | Density: 0.00 (0.00x base)
--------------------------------------------------------------------------------------------------------------------------------------------
Epoch 300 |
| Train | Tot: 0.04104 | Imit: 0.03912 | Ener: 0.00000 | Goal: 0.00038 |
| Valid | Tot: 0.04094 | Imit: 0.03828 | Ener: 0.53531 | Goal: 0.00053 |
✅ Riem. Gap: 0.00084
⚠️ Euclid Gap: 0.57983
🚩 DASHBOARD: Weights (Imit: 1.0000e+00, Goal: 5.0000e+00, Ener: 0.00e+00) | Density: 0.00 (0.00x base)
--------------------------------------------------------------------------------------------------------------------------------------------
Epoch 350 |
| Train | Tot: 0.04025 | Imit: 0.03747 | Ener: 0.00000 | Goal: 0.00056 |
| Valid | Tot: 0.04226 | Imit: 0.03705 | Ener: 0.54909 | Goal: 0.00104 |
✅ Riem. Gap: 0.00042
⚠️ Euclid Gap: 0.65203
🚩 DASHBOARD: Weights (Imit: 1.0000e+00, Goal: 5.0000e+00, Ener: 0.00e+00) | Density: 0.00 (0.00x base)
--------------------------------------------------------------------------------------------------------------------------------------------
Epoch 400 |
| Train | Tot: 0.03976 | Imit: 0.03686 | Ener: 0.00000 | Goal: 0.00058 |
| Valid | Tot: 0.03947 | Imit: 0.03717 | Ener: 0.58241 | Goal: 0.00046 |
✅ Riem. Gap: 0.00030
⚠️ Euclid Gap: 0.70310
🚩 DASHBOARD: Weights (Imit: 1.0000e+00, Goal: 5.0000e+00, Ener: 0.00e+00) | Density: 0.00 (0.00x base)
--------------------------------------------------------------------------------------------------------------------------------------------
📉 Epoch 400: Learning Rate dropped to 1e-05
Epoch 450 |
| Train | Tot: 0.03868 | Imit: 0.03693 | Ener: 0.00000 | Goal: 0.00035 |
| Valid | Tot: 0.03918 | Imit: 0.03649 | Ener: 0.57196 | Goal: 0.00054 |
✅ Riem. Gap: 0.00044
⚠️ Euclid Gap: 0.65721
🚩 DASHBOARD: Weights (Imit: 1.0000e+00, Goal: 5.0000e+00, Ener: 0.00e+00) | Density: 0.00 (0.00x base)
--------------------------------------------------------------------------------------------------------------------------------------------
Epoch 500 |
| Train | Tot: 0.03856 | Imit: 0.03689 | Ener: 0.00000 | Goal: 0.00033 |
| Valid | Tot: 0.03902 | Imit: 0.03673 | Ener: 0.57427 | Goal: 0.00046 |
✅ Riem. Gap: 0.00016
⚠️ Euclid Gap: 0.73128
🚩 DASHBOARD: Weights (Imit: 1.0000e+00, Goal: 5.0000e+00, Ener: 0.00e+00) | Density: 0.00 (0.00x base)
--------------------------------------------------------------------------------------------------------------------------------------------
Epoch 550 |
| Train | Tot: 0.03834 | Imit: 0.03690 | Ener: 0.00000 | Goal: 0.00029 |
| Valid | Tot: 0.03937 | Imit: 0.03640 | Ener: 0.57321 | Goal: 0.00059 |
✅ Riem. Gap: 0.00050
⚠️ Euclid Gap: 0.62507
🚩 DASHBOARD: Weights (Imit: 1.0000e+00, Goal: 5.0000e+00, Ener: 0.00e+00) | Density: 0.00 (0.00x base)
--------------------------------------------------------------------------------------------------------------------------------------------
Epoch 600 |
| Train | Tot: 0.03826 | Imit: 0.03659 | Ener: 0.00000 | Goal: 0.00033 |
| Valid | Tot: 0.03860 | Imit: 0.03663 | Ener: 0.57771 | Goal: 0.00039 |
✅ Riem. Gap: 0.00004
⚠️ Euclid Gap: 0.70796
🚩 DASHBOARD: Weights (Imit: 1.0000e+00, Goal: 5.0000e+00, Ener: 0.00e+00) | Density: 0.00 (0.00x base)
--------------------------------------------------------------------------------------------------------------------------------------------
Epoch 650 |
| Train | Tot: 0.03827 | Imit: 0.03674 | Ener: 0.00000 | Goal: 0.00031 |
| Valid | Tot: 0.03875 | Imit: 0.03643 | Ener: 0.57676 | Goal: 0.00046 |
✅ Riem. Gap: 0.00032
⚠️ Euclid Gap: 0.68160
🚩 DASHBOARD: Weights (Imit: 1.0000e+00, Goal: 5.0000e+00, Ener: 0.00e+00) | Density: 0.00 (0.00x base)
--------------------------------------------------------------------------------------------------------------------------------------------
Epoch 700 |
| Train | Tot: 0.03749 | Imit: 0.03597 | Ener: 0.00000 | Goal: 0.00030 |
| Valid | Tot: 0.03892 | Imit: 0.03627 | Ener: 0.57381 | Goal: 0.00053 |
✅ Riem. Gap: 0.00030
⚠️ Euclid Gap: 0.74841
🚩 DASHBOARD: Weights (Imit: 1.0000e+00, Goal: 5.0000e+00, Ener: 0.00e+00) | Density: 0.00 (0.00x base)
--------------------------------------------------------------------------------------------------------------------------------------------
Epoch 750 |
| Train | Tot: 0.03776 | Imit: 0.03614 | Ener: 0.00000 | Goal: 0.00032 |
| Valid | Tot: 0.03854 | Imit: 0.03642 | Ener: 0.58017 | Goal: 0.00042 |
✅ Riem. Gap: 0.00027
⚠️ Euclid Gap: 0.80078
🚩 DASHBOARD: Weights (Imit: 1.0000e+00, Goal: 5.0000e+00, Ener: 0.00e+00) | Density: 0.00 (0.00x base)
--------------------------------------------------------------------------------------------------------------------------------------------
Epoch 800 |
| Train | Tot: 0.03782 | Imit: 0.03665 | Ener: 0.00000 | Goal: 0.00023 |
| Valid | Tot: 0.03994 | Imit: 0.03587 | Ener: 0.57715 | Goal: 0.00081 |
✅ Riem. Gap: 0.00079
⚠️ Euclid Gap: 0.57219
🚩 DASHBOARD: Weights (Imit: 1.0000e+00, Goal: 5.0000e+00, Ener: 0.00e+00) | Density: 0.00 (0.00x base)
--------------------------------------------------------------------------------------------------------------------------------------------
Epoch 850 |
| Train | Tot: 0.03778 | Imit: 0.03655 | Ener: 0.00000 | Goal: 0.00024 |
| Valid | Tot: 0.03872 | Imit: 0.03594 | Ener: 0.57807 | Goal: 0.00056 |
✅ Riem. Gap: 0.00062
⚠️ Euclid Gap: 0.60417
🚩 DASHBOARD: Weights (Imit: 1.0000e+00, Goal: 5.0000e+00, Ener: 0.00e+00) | Density: 0.00 (0.00x base)
--------------------------------------------------------------------------------------------------------------------------------------------
Epoch 900 |
| Train | Tot: 0.03766 | Imit: 0.03614 | Ener: 0.00000 | Goal: 0.00030 |
| Valid | Tot: 0.03890 | Imit: 0.03591 | Ener: 0.57857 | Goal: 0.00060 |
✅ Riem. Gap: 0.00022
⚠️ Euclid Gap: 0.65115
🚩 DASHBOARD: Weights (Imit: 1.0000e+00, Goal: 5.0000e+00, Ener: 0.00e+00) | Density: 0.00 (0.00x base)
--------------------------------------------------------------------------------------------------------------------------------------------
Epoch 950 |
| Train | Tot: 0.03752 | Imit: 0.03615 | Ener: 0.00000 | Goal: 0.00027 |
| Valid | Tot: 0.03834 | Imit: 0.03589 | Ener: 0.57959 | Goal: 0.00049 |
✅ Riem. Gap: 0.00026
⚠️ Euclid Gap: 0.67677
🚩 DASHBOARD: Weights (Imit: 1.0000e+00, Goal: 5.0000e+00, Ener: 0.00e+00) | Density: 0.00 (0.00x base)
--------------------------------------------------------------------------------------------------------------------------------------------
Epoch 1000 |
| Train | Tot: 0.03802 | Imit: 0.03565 | Ener: 0.00000 | Goal: 0.00047 |
| Valid | Tot: 0.03795 | Imit: 0.03632 | Ener: 0.58534 | Goal: 0.00033 |
✅ Riem. Gap: 0.00067
⚠️ Euclid Gap: 0.78759
🚩 DASHBOARD: Weights (Imit: 1.0000e+00, Goal: 5.0000e+00, Ener: 0.00e+00) | Density: 0.00 (0.00x base)
--------------------------------------------------------------------------------------------------------------------------------------------
Training Complete in 13.38 minutes.
✅ Model saved dynamically to ./models/node/lasa/NODE_lasa_Angle-Shape_RiemannianMSE_EGI_imitation_only.pth
📊 Training plot saved as SVG to: ./node/training/training_curves/NODE_lasa_Angle-Shape_RiemannianMSE_EGI_imitation_only_Training-Curves.svg
Bye bye!
