Hello world!

--- Completing Configuration ---
Starting run for Dataset: LASA | Shape: P
Loading VAE from: ./models/vae/lasa/VAE_P-Shape.pt

📝 Log file generated! Saving all output to: ./node/training/training_logs/NODE_lasa_P-Shape_RiemannianMSE_EGI_imitation_only_Log_20261008_020146.txt


--- Initializing Models ---
Length Trajectory: 1000
Length Trajectories: 14
Trajectories euclidian dimension: 7
Trajectory 0: [-0.60905322 -1.          0.          0.96460774 -0.17043398 -0.20120678
  0.        ]
Trajectory: [-0.60905322 -1.          0.         -0.96460774  0.17043398  0.20120678
 -0.        ]
Trajectory: [-0.70443466 -0.94277114  0.          0.96303179 -0.19400167 -0.18690405
  0.        ]
Trajectory: [-0.70443466 -0.94277114  0.         -0.96303179  0.19400167  0.18690405
 -0.        ]
Trajectory: [-0.76166352 -0.97138557  0.          0.95877584 -0.20789628 -0.19372153
  0.        ]
Trajectory: [-0.76166352 -0.97138557  0.         -0.95877584  0.20789628  0.19372153
 -0.        ]
Trajectory 6: [-0.7998161  -0.9141567   0.          0.95942105 -0.21739377 -0.17958616
  0.        ]
Trajectory 7: [-0.7998161  -0.9141567   0.         -0.95942105  0.21739377  0.17958616
 -0.        ]
Trajectory: [-0.66628208 -0.89508041  0.          0.96701581 -0.18478748 -0.1753112
  0.        ]
Trajectory: [-0.66628208 -0.89508041  0.         -0.96701581  0.18478748  0.1753112
 -0.        ]
Trajectory: [-0.86658311 -0.85692784  0.          0.95811662 -0.23383091 -0.16533499
  0.        ]
Total # of Trajectories: 14
RBF beta = 0.1353 (from checkpoint)
✅ Successfully loaded VAE from ./models/vae/lasa/VAE_P-Shape.pt
VAE Model initialized with DOF=7
NODE Model initialized with latent_dim=2 and hidden_dim=512

--- Preparing Datasets ---
Dataset already exists at ./node/data/P-Shape_processed. Skipping preprocessing.
✅ Dataset Loaded from ./node/data/P-Shape_processed | Train: 540 | Val: 60 | Test: 100
✅ Successfully loaded dataset baselines from JSON.
⚙️  Using Safe Baseline: 0.35 (Auto-Calculated)
⚙️  Using Energy Scale:  5.29e-04 (Auto-Calculated)

🚀 Launching NODE Training...

============================================================================================================================================
Starting Training: NODE_lasa_P-Shape_RiemannianMSE_EGI_imitation_only on CUDA
Epochs: 1000 | Initial LR: 0.0001 | LR Drop at: 800
============================================================================================================================================

Epoch 1 |
| Train | Tot: 181.00836 | Imit: 101.47308 | Ener: 0.00000 | Goal: 15.90706 |
| Valid | Tot: 108.25314 | Imit: 102.17037 | Ener: 0.00490 | Goal: 1.21655 |
⚠️ Riem. Gap: 0.69730
⚠️ Euclid Gap: 3.46592
🚩 DASHBOARD: Weights (Imit: 1.0000e+00, Goal: 5.0000e+00, Ener: 0.00e+00) | Density: 0.00 (0.00x base)
--------------------------------------------------------------------------------------------------------------------------------------------
Epoch 50 |
| Train | Tot: 2.25706 | Imit: 1.60281 | Ener: 0.00000 | Goal: 0.13085 |
| Valid | Tot: 2.96957 | Imit: 2.26259 | Ener: 0.10051 | Goal: 0.14140 |
⚠️ Riem. Gap: 0.65979
⚠️ Euclid Gap: 7.42741
🚩 DASHBOARD: Weights (Imit: 1.0000e+00, Goal: 5.0000e+00, Ener: 0.00e+00) | Density: 0.00 (0.00x base)
--------------------------------------------------------------------------------------------------------------------------------------------
Epoch 100 |
| Train | Tot: 1.73036 | Imit: 1.10694 | Ener: 0.00000 | Goal: 0.12468 |
| Valid | Tot: 1.44238 | Imit: 0.82133 | Ener: 0.08505 | Goal: 0.12421 |
⚠️ Riem. Gap: 0.28561
⚠️ Euclid Gap: 4.71701
🚩 DASHBOARD: Weights (Imit: 1.0000e+00, Goal: 5.0000e+00, Ener: 0.00e+00) | Density: 0.00 (0.00x base)
--------------------------------------------------------------------------------------------------------------------------------------------
Epoch 150 |
| Train | Tot: 1.34711 | Imit: 0.96600 | Ener: 0.00000 | Goal: 0.07622 |
| Valid | Tot: 1.03000 | Imit: 0.57303 | Ener: 0.10038 | Goal: 0.09139 |
⚠️ Riem. Gap: 0.39297
⚠️ Euclid Gap: 5.75059
🚩 DASHBOARD: Weights (Imit: 1.0000e+00, Goal: 5.0000e+00, Ener: 0.00e+00) | Density: 0.00 (0.00x base)
--------------------------------------------------------------------------------------------------------------------------------------------
Epoch 200 |
| Train | Tot: 1.09160 | Imit: 0.80479 | Ener: 0.00000 | Goal: 0.05736 |
| Valid | Tot: 0.73382 | Imit: 0.44595 | Ener: 0.10988 | Goal: 0.05757 |
⚠️ Riem. Gap: 0.35884
⚠️ Euclid Gap: 4.53322
🚩 DASHBOARD: Weights (Imit: 1.0000e+00, Goal: 5.0000e+00, Ener: 0.00e+00) | Density: 0.00 (0.00x base)
--------------------------------------------------------------------------------------------------------------------------------------------
Epoch 250 |
| Train | Tot: 0.83170 | Imit: 0.59314 | Ener: 0.00000 | Goal: 0.04771 |
| Valid | Tot: 0.62991 | Imit: 0.33959 | Ener: 0.12344 | Goal: 0.05806 |
⚠️ Riem. Gap: 0.25355
⚠️ Euclid Gap: 4.23606
🚩 DASHBOARD: Weights (Imit: 1.0000e+00, Goal: 5.0000e+00, Ener: 0.00e+00) | Density: 0.00 (0.00x base)
--------------------------------------------------------------------------------------------------------------------------------------------
Epoch 300 |
| Train | Tot: 0.92425 | Imit: 0.77310 | Ener: 0.00000 | Goal: 0.03023 |
| Valid | Tot: 0.51170 | Imit: 0.32777 | Ener: 0.12354 | Goal: 0.03679 |
⚠️ Riem. Gap: 0.44534
⚠️ Euclid Gap: 4.19964
🚩 DASHBOARD: Weights (Imit: 1.0000e+00, Goal: 5.0000e+00, Ener: 0.00e+00) | Density: 0.00 (0.00x base)
--------------------------------------------------------------------------------------------------------------------------------------------
Epoch 350 |
| Train | Tot: 2.19214 | Imit: 2.07513 | Ener: 0.00000 | Goal: 0.02340 |
| Valid | Tot: 0.50295 | Imit: 0.32403 | Ener: 0.12200 | Goal: 0.03578 |
⚠️ Riem. Gap: 1.75110
⚠️ Euclid Gap: 4.09807
🚩 DASHBOARD: Weights (Imit: 1.0000e+00, Goal: 5.0000e+00, Ener: 0.00e+00) | Density: 0.00 (0.00x base)
--------------------------------------------------------------------------------------------------------------------------------------------
Epoch 400 |
| Train | Tot: 2.73751 | Imit: 2.64364 | Ener: 0.00000 | Goal: 0.01877 |
| Valid | Tot: 0.34175 | Imit: 0.25375 | Ener: 0.13623 | Goal: 0.01760 |
⚠️ Riem. Gap: 2.38989
⚠️ Euclid Gap: 3.53209
🚩 DASHBOARD: Weights (Imit: 1.0000e+00, Goal: 5.0000e+00, Ener: 0.00e+00) | Density: 0.00 (0.00x base)
--------------------------------------------------------------------------------------------------------------------------------------------
Epoch 450 |
| Train | Tot: 1.49410 | Imit: 1.42522 | Ener: 0.00000 | Goal: 0.01378 |
| Valid | Tot: 0.31052 | Imit: 0.24115 | Ener: 0.14805 | Goal: 0.01388 |
⚠️ Riem. Gap: 1.18407
⚠️ Euclid Gap: 3.41874
🚩 DASHBOARD: Weights (Imit: 1.0000e+00, Goal: 5.0000e+00, Ener: 0.00e+00) | Density: 0.00 (0.00x base)
--------------------------------------------------------------------------------------------------------------------------------------------
Epoch 500 |
| Train | Tot: 1.39819 | Imit: 1.33412 | Ener: 0.00000 | Goal: 0.01281 |
| Valid | Tot: 0.42673 | Imit: 0.33250 | Ener: 0.13503 | Goal: 0.01884 |
⚠️ Riem. Gap: 1.00161
⚠️ Euclid Gap: 3.71120
🚩 DASHBOARD: Weights (Imit: 1.0000e+00, Goal: 5.0000e+00, Ener: 0.00e+00) | Density: 0.00 (0.00x base)
--------------------------------------------------------------------------------------------------------------------------------------------
Epoch 550 |
| Train | Tot: 0.94285 | Imit: 0.86368 | Ener: 0.00000 | Goal: 0.01583 |
| Valid | Tot: 0.28570 | Imit: 0.23623 | Ener: 0.15847 | Goal: 0.00989 |
⚠️ Riem. Gap: 0.62744
⚠️ Euclid Gap: 3.05305
🚩 DASHBOARD: Weights (Imit: 1.0000e+00, Goal: 5.0000e+00, Ener: 0.00e+00) | Density: 0.00 (0.00x base)
--------------------------------------------------------------------------------------------------------------------------------------------
Epoch 600 |
| Train | Tot: 0.37123 | Imit: 0.30475 | Ener: 0.00000 | Goal: 0.01330 |
| Valid | Tot: 0.30049 | Imit: 0.22754 | Ener: 0.14406 | Goal: 0.01459 |
⚠️ Riem. Gap: 0.07721
⚠️ Euclid Gap: 2.26191
🚩 DASHBOARD: Weights (Imit: 1.0000e+00, Goal: 5.0000e+00, Ener: 0.00e+00) | Density: 0.00 (0.00x base)
--------------------------------------------------------------------------------------------------------------------------------------------
Epoch 650 |
| Train | Tot: 0.29315 | Imit: 0.23170 | Ener: 0.00000 | Goal: 0.01229 |
| Valid | Tot: 0.33459 | Imit: 0.29083 | Ener: 0.12472 | Goal: 0.00875 |
⚠️ Riem. Gap: 0.05913
⚠️ Euclid Gap: 2.84063
🚩 DASHBOARD: Weights (Imit: 1.0000e+00, Goal: 5.0000e+00, Ener: 0.00e+00) | Density: 0.00 (0.00x base)
--------------------------------------------------------------------------------------------------------------------------------------------
Epoch 700 |
| Train | Tot: 0.24409 | Imit: 0.19924 | Ener: 0.00000 | Goal: 0.00897 |
| Valid | Tot: 0.31363 | Imit: 0.28399 | Ener: 0.14682 | Goal: 0.00593 |
⚠️ Riem. Gap: 0.08475
⚠️ Euclid Gap: 3.19017
🚩 DASHBOARD: Weights (Imit: 1.0000e+00, Goal: 5.0000e+00, Ener: 0.00e+00) | Density: 0.00 (0.00x base)
--------------------------------------------------------------------------------------------------------------------------------------------
Epoch 750 |
| Train | Tot: 0.28565 | Imit: 0.22806 | Ener: 0.00000 | Goal: 0.01152 |
| Valid | Tot: 0.28335 | Imit: 0.19175 | Ener: 0.16428 | Goal: 0.01832 |
🟡 Riem. Gap: 0.03631
⚠️ Euclid Gap: 2.69284
🚩 DASHBOARD: Weights (Imit: 1.0000e+00, Goal: 5.0000e+00, Ener: 0.00e+00) | Density: 0.00 (0.00x base)
--------------------------------------------------------------------------------------------------------------------------------------------
Epoch 800 |
| Train | Tot: 0.24436 | Imit: 0.18681 | Ener: 0.00000 | Goal: 0.01151 |
| Valid | Tot: 0.27689 | Imit: 0.19268 | Ener: 0.15643 | Goal: 0.01684 |
✅ Riem. Gap: 0.00587
⚠️ Euclid Gap: 2.79653
🚩 DASHBOARD: Weights (Imit: 1.0000e+00, Goal: 5.0000e+00, Ener: 0.00e+00) | Density: 0.00 (0.00x base)
--------------------------------------------------------------------------------------------------------------------------------------------
📉 Epoch 800: Learning Rate dropped to 1e-05
Epoch 850 |
| Train | Tot: 0.18996 | Imit: 0.16184 | Ener: 0.00000 | Goal: 0.00562 |
| Valid | Tot: 0.23092 | Imit: 0.18082 | Ener: 0.16867 | Goal: 0.01002 |
🟡 Riem. Gap: 0.01898
⚠️ Euclid Gap: 2.32533
🚩 DASHBOARD: Weights (Imit: 1.0000e+00, Goal: 5.0000e+00, Ener: 0.00e+00) | Density: 0.00 (0.00x base)
--------------------------------------------------------------------------------------------------------------------------------------------
Epoch 900 |
| Train | Tot: 0.18572 | Imit: 0.15595 | Ener: 0.00000 | Goal: 0.00595 |
| Valid | Tot: 0.22834 | Imit: 0.18515 | Ener: 0.16903 | Goal: 0.00864 |
🟡 Riem. Gap: 0.02920
⚠️ Euclid Gap: 2.61119
🚩 DASHBOARD: Weights (Imit: 1.0000e+00, Goal: 5.0000e+00, Ener: 0.00e+00) | Density: 0.00 (0.00x base)
--------------------------------------------------------------------------------------------------------------------------------------------
Epoch 950 |
| Train | Tot: 0.18792 | Imit: 0.15932 | Ener: 0.00000 | Goal: 0.00572 |
| Valid | Tot: 0.21985 | Imit: 0.17826 | Ener: 0.17077 | Goal: 0.00832 |
🟡 Riem. Gap: 0.01895
⚠️ Euclid Gap: 2.53298
🚩 DASHBOARD: Weights (Imit: 1.0000e+00, Goal: 5.0000e+00, Ener: 0.00e+00) | Density: 0.00 (0.00x base)
--------------------------------------------------------------------------------------------------------------------------------------------
Epoch 1000 |
| Train | Tot: 0.18426 | Imit: 0.15679 | Ener: 0.00000 | Goal: 0.00549 |
| Valid | Tot: 0.21960 | Imit: 0.16981 | Ener: 0.17091 | Goal: 0.00996 |
🟡 Riem. Gap: 0.01301
⚠️ Euclid Gap: 2.39154
🚩 DASHBOARD: Weights (Imit: 1.0000e+00, Goal: 5.0000e+00, Ener: 0.00e+00) | Density: 0.00 (0.00x base)
--------------------------------------------------------------------------------------------------------------------------------------------
Training Complete in 23.21 minutes.
✅ Model saved dynamically to ./models/node/lasa/NODE_lasa_P-Shape_RiemannianMSE_EGI_imitation_only.pth
📊 Training plot saved as SVG to: ./node/training/training_curves/NODE_lasa_P-Shape_RiemannianMSE_EGI_imitation_only_Training-Curves.svg
Bye bye!
