Hello world!

--- Completing Configuration ---
Starting run for Dataset: LASA | Shape: P
Loading VAE from: ./models/vae/lasa/VAE_P-Shape.pt

📝 Log file generated! Saving all output to: ./node/training/training_logs/NODE_lasa_P-Shape_RiemannianMSE_EGI_energy_imitation_Log_20261008_022506.txt


--- Initializing Models ---
Length Trajectory: 1000
Length Trajectories: 14
Trajectories euclidian dimension: 7
Trajectory 0: [-0.60905322 -1.          0.          0.96460774 -0.17043398 -0.20120678
  0.        ]
Trajectory: [-0.60905322 -1.          0.         -0.96460774  0.17043398  0.20120678
 -0.        ]
Trajectory: [-0.70443466 -0.94277114  0.          0.96303179 -0.19400167 -0.18690405
  0.        ]
Trajectory: [-0.70443466 -0.94277114  0.         -0.96303179  0.19400167  0.18690405
 -0.        ]
Trajectory: [-0.76166352 -0.97138557  0.          0.95877584 -0.20789628 -0.19372153
  0.        ]
Trajectory: [-0.76166352 -0.97138557  0.         -0.95877584  0.20789628  0.19372153
 -0.        ]
Trajectory 6: [-0.7998161  -0.9141567   0.          0.95942105 -0.21739377 -0.17958616
  0.        ]
Trajectory 7: [-0.7998161  -0.9141567   0.         -0.95942105  0.21739377  0.17958616
 -0.        ]
Trajectory: [-0.66628208 -0.89508041  0.          0.96701581 -0.18478748 -0.1753112
  0.        ]
Trajectory: [-0.66628208 -0.89508041  0.         -0.96701581  0.18478748  0.1753112
 -0.        ]
Trajectory: [-0.86658311 -0.85692784  0.          0.95811662 -0.23383091 -0.16533499
  0.        ]
Total # of Trajectories: 14
RBF beta = 0.1353 (from checkpoint)
✅ Successfully loaded VAE from ./models/vae/lasa/VAE_P-Shape.pt
VAE Model initialized with DOF=7
NODE Model initialized with latent_dim=2 and hidden_dim=512

--- Preparing Datasets ---
Dataset already exists at ./node/data/P-Shape_processed. Skipping preprocessing.
✅ Dataset Loaded from ./node/data/P-Shape_processed | Train: 540 | Val: 60 | Test: 100
✅ Successfully loaded dataset baselines from JSON.
⚙️  Using Safe Baseline: 0.35 (Auto-Calculated)
⚙️  Using Energy Scale:  5.29e-04 (Auto-Calculated)

🚀 Launching NODE Training...

============================================================================================================================================
Starting Training: NODE_lasa_P-Shape_RiemannianMSE_EGI_energy_imitation on CUDA
Epochs: 1000 | Initial LR: 0.0001 | LR Drop at: 800
============================================================================================================================================

Epoch 1 |
| Train | Tot: 184.61606 | Imit: 101.76983 | Ener: 0.00000 | Goal: 16.56925 |
| Valid | Tot: 117.63288 | Imit: 109.73555 | Ener: 0.00464 | Goal: 1.57947 |
⚠️ Riem. Gap: 7.96572
⚠️ Euclid Gap: 3.53519
🚩 DASHBOARD: Weights (Imit: 1.0000e+00, Goal: 5.0000e+00, Ener: 0.00e+00) | Density: 0.00 (0.00x base)
--------------------------------------------------------------------------------------------------------------------------------------------
Epoch 50 |
| Train | Tot: 2.46511 | Imit: 1.66382 | Ener: 0.08955 | Goal: 0.16026 |
| Valid | Tot: 4.58824 | Imit: 3.91970 | Ener: 0.09853 | Goal: 0.13371 |
⚠️ Riem. Gap: 2.25587
⚠️ Euclid Gap: 7.47230
🚩 DASHBOARD: Weights (Imit: 1.0000e+00, Goal: 5.0000e+00, Ener: 7.00e-05) | Density: 3.70 (10.63x base)
--------------------------------------------------------------------------------------------------------------------------------------------
Epoch 100 |
| Train | Tot: 1.59136 | Imit: 1.02434 | Ener: 0.08752 | Goal: 0.11340 |
| Valid | Tot: 1.51823 | Imit: 0.90236 | Ener: 0.09643 | Goal: 0.12317 |
⚠️ Riem. Gap: 0.12198
⚠️ Euclid Gap: 4.63250
🚩 DASHBOARD: Weights (Imit: 1.0000e+00, Goal: 5.0000e+00, Ener: 1.41e-04) | Density: 5.53 (15.89x base)
--------------------------------------------------------------------------------------------------------------------------------------------
Epoch 150 |
| Train | Tot: 1.10466 | Imit: 0.75630 | Ener: 0.09709 | Goal: 0.06967 |
| Valid | Tot: 0.90985 | Imit: 0.56761 | Ener: 0.10555 | Goal: 0.06844 |
⚠️ Riem. Gap: 0.18869
⚠️ Euclid Gap: 4.21691
🚩 DASHBOARD: Weights (Imit: 1.0000e+00, Goal: 5.0000e+00, Ener: 2.13e-04) | Density: 3.26 (9.35x base)
--------------------------------------------------------------------------------------------------------------------------------------------
Epoch 200 |
| Train | Tot: 1.14513 | Imit: 0.91462 | Ener: 0.10451 | Goal: 0.04610 |
| Valid | Tot: 0.73792 | Imit: 0.44734 | Ener: 0.11945 | Goal: 0.05811 |
⚠️ Riem. Gap: 0.46728
⚠️ Euclid Gap: 4.02275
🚩 DASHBOARD: Weights (Imit: 1.0000e+00, Goal: 5.0000e+00, Ener: 2.84e-04) | Density: 3.13 (8.99x base)
--------------------------------------------------------------------------------------------------------------------------------------------
Epoch 250 |
| Train | Tot: 0.36244 | Imit: 0.22753 | Ener: 0.09782 | Goal: 0.02697 |
| Valid | Tot: 0.45718 | Imit: 0.23071 | Ener: 0.11255 | Goal: 0.04529 |
✅ Riem. Gap: 0.00317
⚠️ Euclid Gap: 0.70026
🚩 DASHBOARD: Weights (Imit: 1.0000e+00, Goal: 5.0000e+00, Ener: 3.56e-04) | Density: 2.61 (7.49x base)
--------------------------------------------------------------------------------------------------------------------------------------------
Epoch 300 |
| Train | Tot: 0.25680 | Imit: 0.16986 | Ener: 0.10482 | Goal: 0.01738 |
| Valid | Tot: 0.29588 | Imit: 0.16978 | Ener: 0.14162 | Goal: 0.02521 |
✅ Riem. Gap: 0.00008
⚠️ Euclid Gap: 0.68120
🚩 DASHBOARD: Weights (Imit: 1.0000e+00, Goal: 5.0000e+00, Ener: 4.27e-04) | Density: 8.48 (24.36x base)
--------------------------------------------------------------------------------------------------------------------------------------------
Epoch 350 |
| Train | Tot: 0.21944 | Imit: 0.15113 | Ener: 0.11517 | Goal: 0.01365 |
| Valid | Tot: 0.25677 | Imit: 0.13948 | Ener: 0.12908 | Goal: 0.02344 |
🟡 Riem. Gap: 0.01165
⚠️ Euclid Gap: 0.42703
🚩 DASHBOARD: Weights (Imit: 1.0000e+00, Goal: 5.0000e+00, Ener: 4.99e-04) | Density: 4.78 (13.73x base)
--------------------------------------------------------------------------------------------------------------------------------------------
Epoch 400 |
| Train | Tot: 0.19244 | Imit: 0.12675 | Ener: 0.11734 | Goal: 0.01313 |
| Valid | Tot: 0.26900 | Imit: 0.17182 | Ener: 0.13268 | Goal: 0.01942 |
🟡 Riem. Gap: 0.04507
⚠️ Euclid Gap: 0.78491
🚩 DASHBOARD: Weights (Imit: 1.0000e+00, Goal: 5.0000e+00, Ener: 5.70e-04) | Density: 5.50 (15.80x base)
--------------------------------------------------------------------------------------------------------------------------------------------
Epoch 450 |
| Train | Tot: 0.20499 | Imit: 0.14506 | Ener: 0.11751 | Goal: 0.01197 |
| Valid | Tot: 0.21157 | Imit: 0.12147 | Ener: 0.14268 | Goal: 0.01800 |
🟡 Riem. Gap: 0.02359
⚠️ Euclid Gap: 0.97502
🚩 DASHBOARD: Weights (Imit: 1.0000e+00, Goal: 5.0000e+00, Ener: 6.41e-04) | Density: 10.28 (29.52x base)
--------------------------------------------------------------------------------------------------------------------------------------------
Epoch 500 |
| Train | Tot: 0.19923 | Imit: 0.15175 | Ener: 0.11882 | Goal: 0.00948 |
| Valid | Tot: 0.21628 | Imit: 0.15271 | Ener: 0.12092 | Goal: 0.01270 |
✅ Riem. Gap: 0.00096
⚠️ Euclid Gap: 0.76120
🚩 DASHBOARD: Weights (Imit: 1.0000e+00, Goal: 5.0000e+00, Ener: 7.13e-04) | Density: 1.98 (5.67x base)
--------------------------------------------------------------------------------------------------------------------------------------------
Epoch 550 |
| Train | Tot: 0.18887 | Imit: 0.14291 | Ener: 0.12235 | Goal: 0.00917 |
| Valid | Tot: 0.22009 | Imit: 0.15617 | Ener: 0.15392 | Goal: 0.01276 |
🟡 Riem. Gap: 0.01326
🟡 Euclid Gap: 0.27245
🚩 DASHBOARD: Weights (Imit: 1.0000e+00, Goal: 5.0000e+00, Ener: 7.84e-04) | Density: 7.41 (21.29x base)
--------------------------------------------------------------------------------------------------------------------------------------------
Epoch 600 |
| Train | Tot: 0.16753 | Imit: 0.11775 | Ener: 0.12066 | Goal: 0.00994 |
| Valid | Tot: 0.20051 | Imit: 0.12876 | Ener: 0.15193 | Goal: 0.01432 |
🟡 Riem. Gap: 0.01101
⚠️ Euclid Gap: 1.22247
🚩 DASHBOARD: Weights (Imit: 1.0000e+00, Goal: 5.0000e+00, Ener: 8.56e-04) | Density: 9.46 (27.15x base)
--------------------------------------------------------------------------------------------------------------------------------------------
Epoch 650 |
| Train | Tot: 0.16883 | Imit: 0.11333 | Ener: 0.12973 | Goal: 0.01108 |
| Valid | Tot: 0.18272 | Imit: 0.10802 | Ener: 0.14231 | Goal: 0.01491 |
✅ Riem. Gap: 0.00531
⚠️ Euclid Gap: 0.87841
🚩 DASHBOARD: Weights (Imit: 1.0000e+00, Goal: 5.0000e+00, Ener: 9.27e-04) | Density: 5.09 (14.61x base)
--------------------------------------------------------------------------------------------------------------------------------------------
Epoch 700 |
| Train | Tot: 0.15847 | Imit: 0.11519 | Ener: 0.12333 | Goal: 0.00863 |
| Valid | Tot: 0.18068 | Imit: 0.11496 | Ener: 0.14214 | Goal: 0.01312 |
✅ Riem. Gap: 0.00023
⚠️ Euclid Gap: 0.90572
🚩 DASHBOARD: Weights (Imit: 1.0000e+00, Goal: 5.0000e+00, Ener: 9.99e-04) | Density: 8.18 (23.49x base)
--------------------------------------------------------------------------------------------------------------------------------------------
Epoch 750 |
| Train | Tot: 0.17434 | Imit: 0.13278 | Ener: 0.12219 | Goal: 0.00829 |
| Valid | Tot: 0.19972 | Imit: 0.13493 | Ener: 0.13907 | Goal: 0.01293 |
✅ Riem. Gap: 0.00215
⚠️ Euclid Gap: 0.48043
🚩 DASHBOARD: Weights (Imit: 1.0000e+00, Goal: 5.0000e+00, Ener: 1.00e-03) | Density: 10.05 (28.87x base)
--------------------------------------------------------------------------------------------------------------------------------------------
Epoch 800 |
| Train | Tot: 0.16109 | Imit: 0.11129 | Ener: 0.10936 | Goal: 0.00994 |
| Valid | Tot: 0.17364 | Imit: 0.12500 | Ener: 0.13639 | Goal: 0.00970 |
🟡 Riem. Gap: 0.01371
⚠️ Euclid Gap: 0.64190
🚩 DASHBOARD: Weights (Imit: 1.0000e+00, Goal: 5.0000e+00, Ener: 1.00e-03) | Density: 1.83 (5.25x base)
--------------------------------------------------------------------------------------------------------------------------------------------
📉 Epoch 800: Learning Rate dropped to 1e-05
Epoch 850 |
| Train | Tot: 0.12219 | Imit: 0.08934 | Ener: 0.12039 | Goal: 0.00655 |
| Valid | Tot: 0.16373 | Imit: 0.10969 | Ener: 0.14085 | Goal: 0.01078 |
🟡 Riem. Gap: 0.02035
⚠️ Euclid Gap: 0.63699
🚩 DASHBOARD: Weights (Imit: 1.0000e+00, Goal: 5.0000e+00, Ener: 1.00e-03) | Density: 12.05 (34.61x base)
--------------------------------------------------------------------------------------------------------------------------------------------
Epoch 900 |
| Train | Tot: 0.12159 | Imit: 0.09057 | Ener: 0.11979 | Goal: 0.00618 |
| Valid | Tot: 0.16127 | Imit: 0.11175 | Ener: 0.13865 | Goal: 0.00988 |
🟡 Riem. Gap: 0.02118
⚠️ Euclid Gap: 0.72091
🚩 DASHBOARD: Weights (Imit: 1.0000e+00, Goal: 5.0000e+00, Ener: 1.00e-03) | Density: 14.84 (42.61x base)
--------------------------------------------------------------------------------------------------------------------------------------------
Epoch 950 |
| Train | Tot: 0.12228 | Imit: 0.09274 | Ener: 0.11725 | Goal: 0.00588 |
| Valid | Tot: 0.16548 | Imit: 0.11520 | Ener: 0.13855 | Goal: 0.01003 |
🟡 Riem. Gap: 0.02246
⚠️ Euclid Gap: 0.61883
🚩 DASHBOARD: Weights (Imit: 1.0000e+00, Goal: 5.0000e+00, Ener: 1.00e-03) | Density: 12.73 (36.56x base)
--------------------------------------------------------------------------------------------------------------------------------------------
Epoch 1000 |
| Train | Tot: 0.11979 | Imit: 0.09013 | Ener: 0.11818 | Goal: 0.00591 |
| Valid | Tot: 0.15980 | Imit: 0.10769 | Ener: 0.13719 | Goal: 0.01039 |
🟡 Riem. Gap: 0.01756
⚠️ Euclid Gap: 0.47556
🚩 DASHBOARD: Weights (Imit: 1.0000e+00, Goal: 5.0000e+00, Ener: 1.00e-03) | Density: 13.46 (38.65x base)
--------------------------------------------------------------------------------------------------------------------------------------------
Training Complete in 24.53 minutes.
✅ Model saved dynamically to ./models/node/lasa/NODE_lasa_P-Shape_RiemannianMSE_EGI_energy_imitation.pth
📊 Training plot saved as SVG to: ./node/training/training_curves/NODE_lasa_P-Shape_RiemannianMSE_EGI_energy_imitation_Training-Curves.svg
Bye bye!
